[www.msrd-us.com/index.html]
[cdn.cookielaw.org/scripttemplates/otSDKStub.js]
[backblue.gif]
[fade.gif]
[index.html]
[www.msrd-us.com/sites/g/files/qhldwo11951/files/otsuka-favicon-100sq.png]
[www.msrd-us.com/core/assets/vendor/jquery.ui/themes/base/corec895.css]
[www.msrd-us.com/core/assets/vendor/jquery.ui/themes/base/controlgroupc895.css]
[www.msrd-us.com/core/assets/vendor/jquery.ui/themes/base/checkboxradioc895.css]
[www.msrd-us.com/core/assets/vendor/jquery.ui/themes/base/resizablec895.css]
[www.msrd-us.com/core/assets/vendor/jquery.ui/themes/base/buttonc895.css]
[www.msrd-us.com/core/assets/vendor/jquery.ui/themes/base/dialogc895.css]
[www.msrd-us.com/core/misc/components/progress.modulec895.css]
[www.msrd-us.com/core/misc/components/ajax-progress.modulec895.css]
[www.msrd-us.com/core/modules/filter/css/filter.captionc895.css]
[www.msrd-us.com/core/modules/media/css/filter.captionc895.css]
[www.msrd-us.com/core/modules/media/css/oembed.formatterc895.css]
[www.msrd-us.com/core/modules/ckeditor5/css/ckeditor5.dialog.fixc895.css]
[www.msrd-us.com/core/modules/views/css/views.modulec895.css]
[www.msrd-us.com/modules/custom/otsuka_privacy_compliant_media/css/otsuka_privacy_compliant_mediac895.css]
[www.msrd-us.com/core/assets/vendor/jquery.ui/themes/base/themec895.css]
[www.msrd-us.com/modules/contrib/paragraphs/css/paragraphs.unpublishedc895.css]
[www.msrd-us.com/sites/g/files/qhldwo11951/themes/site/themes/custom/otsuka_msrd/build/theme.minc895.css]
[www.msrd-us.com/core/assets/vendor/jquery/jquery.mind734.js]
[www.msrd-us.com/core/assets/vendor/once/once.minf700.js]
[www.msrd-us.com/core/misc/drupalSettingsLoaderfe04.js]
[www.msrd-us.com/core/misc/drupalfe04.js]
[www.msrd-us.com/core/misc/drupal.initfe04.js]
[www.msrd-us.com/core/assets/vendor/jquery.ui/ui/version-minfe04.js]
[www.msrd-us.com/core/assets/vendor/jquery.ui/ui/data-minfe04.js]
[www.msrd-us.com/core/assets/vendor/jquery.ui/ui/disable-selection-minfe04.js]
[www.msrd-us.com/core/assets/vendor/jquery.ui/ui/jquery-patch-minfe04.js]
[www.msrd-us.com/core/assets/vendor/jquery.ui/ui/scroll-parent-minfe04.js]
[www.msrd-us.com/core/assets/vendor/jquery.ui/ui/unique-id-minfe04.js]
[www.msrd-us.com/core/assets/vendor/jquery.ui/ui/focusable-minfe04.js]
[www.msrd-us.com/core/assets/vendor/jquery.ui/ui/keycode-minfe04.js]
[www.msrd-us.com/core/assets/vendor/jquery.ui/ui/plugin-minfe04.js]
[www.msrd-us.com/core/assets/vendor/jquery.ui/ui/widget-minfe04.js]
[www.msrd-us.com/core/assets/vendor/jquery.ui/ui/labels-minfe04.js]
[www.msrd-us.com/core/assets/vendor/jquery.ui/ui/widgets/controlgroup-minfe04.js]
[www.msrd-us.com/core/assets/vendor/jquery.ui/ui/form-reset-mixin-minfe04.js]
[www.msrd-us.com/core/assets/vendor/jquery.ui/ui/widgets/mouse-minfe04.js]
[www.msrd-us.com/core/assets/vendor/jquery.ui/ui/widgets/checkboxradio-minfe04.js]
[www.msrd-us.com/core/assets/vendor/jquery.ui/ui/widgets/draggable-minfe04.js]
[www.msrd-us.com/core/assets/vendor/jquery.ui/ui/widgets/resizable-minfe04.js]
[www.msrd-us.com/core/assets/vendor/jquery.ui/ui/widgets/button-minfe04.js]
[www.msrd-us.com/core/assets/vendor/jquery.ui/ui/widgets/dialog-minfe04.js]
[www.msrd-us.com/core/assets/vendor/tabbable/index.umd.min0559.js]
[www.msrd-us.com/core/assets/vendor/tua-body-scroll-lock/tua-bsl.umd.minfe04.js]
[www.msrd-us.com/modules/contrib/google_tag/js/gtagc895.js]
[www.msrd-us.com/core/misc/debouncefe04.js]
[www.msrd-us.com/core/misc/announcefe04.js]
[www.msrd-us.com/modules/contrib/google_tag/js/gtmc895.js]
[unpkg.com/tabbable@6.3.0/dist/index.umd.js]
[unpkg.com/focus-trap@7.6.6/dist/focus-trap.umd.js]
[www.msrd-us.com/modules/custom/otsuka_focus_manager/js/focus.managerfe04.js]
[www.msrd-us.com/core/misc/tabbingmanagerfe04.js]
[www.msrd-us.com/core/misc/displacefe04.js]
[www.msrd-us.com/core/misc/jquery.tabbable.shimfe04.js]
[www.msrd-us.com/core/misc/positionfe04.js]
[www.msrd-us.com/core/misc/dialog/dialog-deprecationfe04.js]
[www.msrd-us.com/core/misc/dialog/dialogfe04.js]
[www.msrd-us.com/core/misc/dialog/dialog.positionfe04.js]
[www.msrd-us.com/core/misc/dialog/dialog.jquery-uife04.js]
[www.msrd-us.com/core/modules/ckeditor5/js/ckeditor5.dialog.fixfe04.js]
[www.msrd-us.com/modules/custom/otsuka_privacy_compliant_media/js/otsuka_pcm_apife04.js]
[www.msrd-us.com/sites/g/files/qhldwo11951/files/MSRD-Logo-Horizontal@3x.png]
[www.msrd-us.com/sites/g/files/qhldwo11951/themes/site/themes/custom/otsuka_msrd/build/images/MSRD-Logo-Horizontal@3x_white.png]
[www.msrd-us.com/odpi.html]
[www.msrd-us.com/contact-us.html]
[www.msrd-us.com/sites/g/files/qhldwo11951/files/2020-08/neural-network-brain-art (1).png]
[www.msrd-us.com/sites/g/files/qhldwo11951/files/2020-08/cns-brain.png]
[www.msrd-us.com/sites/g/files/qhldwo11951/files/2020-08/renal.png]
[www.msrd-us.com/sites/g/files/qhldwo11951/files/2020-08/underserved.png]
[www.msrd-us.com/sites/g/files/qhldwo11951/files/2020-08/bob-mcquade.png]
[www.msrd-us.com/sites/g/files/qhldwo11951/files/2020-08/decorative-art.svg]
[www.msrd-us.com/sites/g/files/qhldwo11951/files/2020-08/flashlight-icon.png]
[www.msrd-us.com/sites/g/files/qhldwo11951/files/2020-08/conversation-icon.png]
[www.msrd-us.com/sites/g/files/qhldwo11951/files/2020-08/knight-chess-piece-icon.png]
[www.msrd-us.com/sites/g/files/qhldwo11951/files/video-posters/startup-health-festival-fireside-chat-panel.png]
[www.msrd-us.com/media/oembed0a78.html]
[www.msrd-us.com/sites/g/files/qhldwo11951/files/styles/medium/public/2022-02/Mindset Psychadelics83da.png]
[www.msrd-us.com/news/mcquade-center-strategic-research-and-development-and-mindset-pharma-collaborate-develop.html]
[www.msrd-us.com/sites/g/files/qhldwo11951/files/styles/medium/public/2022-02/ODPIeaf3.png]
[www.msrd-us.com/news/mcquade-center-strategic-research-and-development-launches-otsuka-digital-pioneer-initiative.html]
[www.msrd-us.com/sites/g/files/qhldwo11951/files/styles/medium/public/2022-02/Sentinel Fragile X22dc.png]
[www.msrd-us.com/news/mcquade-center-strategic-research-and-development-enters-agreement-sentinel-oncology-develop.html]
[www.msrd-us.com/sites/g/files/qhldwo11951/files/styles/medium/public/2022-02/Ache Anxiety PTSDac86.png]
[www.msrd-us.com/news/mcquade-center-strategic-research-and-development-enters-collaboration-ache-develop-potential.html]
[www.msrd-us.com/sites/g/files/qhldwo11951/files/styles/medium/public/2020-08/graphic1971d.png]
[www.msrd-us.com/news/mcquade-center-strategic-research-and-development-and-eikonizo-therapeutics-enter-agreement.html]
[www.msrd-us.com/news/msrd-enters-collaboration-agreement-rugen-holdings-cayman-limited-develop-novel-treatment.html]
[www.msrd-us.com/sites/g/files/qhldwo11951/files/2020-08/bob-mcquade_0.png]
[www.msrd-us.com/sites/g/files/qhldwo11951/files/2020-08/xilu-jiao.png]
[www.msrd-us.com/sites/g/files/qhldwo11951/files/2020-08/nicole-sroczynski.png]
[www.msrd-us.com/sites/g/files/qhldwo11951/files/2025-03/Somjeet-Dey.png]
[www.msrd-us.com/sites/g/files/qhldwo11951/files/2023-09/Goddart.png]
[www.msrd-us.com/sites/g/files/qhldwo11951/files/2022-02/Carolyn Tyler.png]
[www.msrd-us.com/sites/g/files/qhldwo11951/files/2025-07/Abernathy Headshot (005).jpg]
[www.msrd-us.com/sites/g/files/qhldwo11951/files/2020-07/otsuka-white.svg]
[www.msrd-us.com/core/misc/progressfe04.js]
[www.msrd-us.com/core/assets/vendor/loadjs/loadjs.mine0a5.js]
[www.msrd-us.com/core/misc/messagefe04.js]
[www.msrd-us.com/core/misc/ajaxfe04.js]
[www.msrd-us.com/modules/contrib/google_tag/js/gtag.ajaxc895.js]
[www.msrd-us.com/modules/custom/otsuka_focus_manager/js/init.focusfe04.js]
[www.msrd-us.com/sites/g/files/qhldwo11951/themes/site/themes/custom/otsuka_msrd/build/theme.minc895.js]
[www.msrd-us.com/core/misc/jquery.forme0a5.js]
[www.msrd-us.com/core/modules/views/js/basefe04.js]
[www.msrd-us.com/core/modules/views/js/ajax_viewfe04.js]
[www.msrd-us.com/index.html]
[www.msrd-us.com/core/assets/vendor/jquery.ui/themes/base/corec895.css]
[www.msrd-us.com/core/assets/vendor/jquery.ui/themes/base/controlgroupc895.css]
[www.msrd-us.com/core/assets/vendor/jquery.ui/themes/base/checkboxradioc895.css]
[www.msrd-us.com/core/assets/vendor/jquery.ui/themes/base/resizablec895.css]
[www.msrd-us.com/core/assets/vendor/jquery.ui/themes/base/buttonc895.css]
[www.msrd-us.com/core/assets/vendor/jquery.ui/themes/base/dialogc895.css]
[www.msrd-us.com/core/misc/components/progress.modulec895.css]
[www.msrd-us.com/core/misc/throbber-active.gif]
[www.msrd-us.com/core/misc/loading-small.gif]
[www.msrd-us.com/core/misc/components/ajax-progress.modulec895.css]
[www.msrd-us.com/core/modules/filter/css/filter.captionc895.css]
[www.msrd-us.com/core/modules/media/css/filter.captionc895.css]
[www.msrd-us.com/core/modules/media/css/oembed.formatterc895.css]
[www.msrd-us.com/core/modules/ckeditor5/css/ckeditor5.dialog.fixc895.css]
[www.msrd-us.com/core/modules/views/css/views.modulec895.css]
[www.msrd-us.com/modules/custom/otsuka_privacy_compliant_media/img/video-play-btn-mobile.svg]
[www.msrd-us.com/modules/custom/otsuka_privacy_compliant_media/img/video-play-btn.svg]
[www.msrd-us.com/modules/custom/otsuka_privacy_compliant_media/img/buzzsprout-placeholder.png]
[www.msrd-us.com/modules/custom/otsuka_privacy_compliant_media/css/otsuka_privacy_compliant_mediac895.css]
[www.msrd-us.com/modules/custom/otsuka_privacy_compliant_media/img/orbita-chat-bubble.svg]
[www.msrd-us.com/core/assets/vendor/jquery.ui/themes/base/images/ui-icons_444444_256x240.png]
[www.msrd-us.com/core/assets/vendor/jquery.ui/themes/base/images/ui-icons_555555_256x240.png]
[www.msrd-us.com/core/assets/vendor/jquery.ui/themes/base/images/ui-icons_ffffff_256x240.png]
[www.msrd-us.com/core/assets/vendor/jquery.ui/themes/base/images/ui-icons_777620_256x240.png]
[www.msrd-us.com/core/assets/vendor/jquery.ui/themes/base/images/ui-icons_cc0000_256x240.png]
[www.msrd-us.com/core/assets/vendor/jquery.ui/themes/base/images/ui-icons_777777_256x240.png]
[www.msrd-us.com/core/assets/vendor/jquery.ui/themes/base/themec895.css]
[www.msrd-us.com/modules/contrib/paragraphs/css/paragraphs.unpublishedc895.css]
[www.msrd-us.com/sites/g/files/qhldwo11951/themes/site/themes/custom/otsuka_msrd/build/images/decorative-bar.png]
[www.msrd-us.com/sites/g/files/qhldwo11951/themes/site/themes/custom/otsuka_msrd/build/theme.minc895.css]
[www.msrd-us.com/sites/g/files/qhldwo11951/files/2021-12/Banner@3x.png]
[www.msrd-us.com/odpi/team.html]
[www.msrd-us.com/odpi/investments.html]
[www.msrd-us.com/odpi/contact.html]
[www.msrd-us.com/sites/g/files/qhldwo11951/files/inline-images/About Illo@3x.png]
[www.msrd-us.com/odpi.html]
[www.msrd-us.com/modules/contrib/webform/css/webform.element.details.togglec895.css]
[www.msrd-us.com/modules/contrib/webform/css/webform.element.managed_filec895.css]
[www.msrd-us.com/modules/contrib/webform/css/webform.element.messagec895.css]
[www.msrd-us.com/modules/contrib/webform/css/webform.formc895.css]
[www.msrd-us.com/modules/contrib/captcha/css/captchac895.css]
[www.msrd-us.com/modules/contrib/webform/css/webform.ajaxc895.css]
[www.msrd-us.com/webform/css/contact/customc895.css]
[www.msrd-us.com/modules/contrib/webform/js/webform.scrollfe04.js]
[www.msrd-us.com/modules/contrib/webform/js/webform.ajaxfe04.js]
[www.msrd-us.com/modules/contrib/webform/js/webform.element.details.savefe04.js]
[www.msrd-us.com/modules/contrib/webform/js/webform.element.details.togglefe04.js]
[www.msrd-us.com/core/modules/file/filefe04.js]
[www.msrd-us.com/modules/contrib/webform/js/webform.element.managed_filefe04.js]
[www.msrd-us.com/modules/contrib/webform/js/webform.element.messagefe04.js]
[www.msrd-us.com/modules/contrib/webform/js/webform.element.selectfe04.js]
[www.msrd-us.com/core/misc/formfe04.js]
[www.msrd-us.com/modules/contrib/webform/js/webform.behaviorsfe04.js]
[www.msrd-us.com/core/misc/statesfe04.js]
[www.msrd-us.com/modules/contrib/webform/js/webform.statesfe04.js]
[www.msrd-us.com/modules/contrib/webform/js/webform.formfe04.js]
[www.msrd-us.com/contact-us.html]
[www.msrd-us.com/sites/g/files/qhldwo11951/files/2020-08/decorative-art.svg]
[www.msrd-us.com/core/modules/media/css/oembed.framec895.css]
[www.msrd-us.com/media/oembed0a78.html]
[www.msrd-us.com/cdn-cgi/l/email-protection.html]
[www.msrd-us.com/sites/g/files/qhldwo11951/files/2022-02/Mindset Psychadelics.png]
[www.msrd-us.com/news/mcquade-center-strategic-research-and-development-and-mindset-pharma-collaborate-develop.html]
[www.msrd-us.com/cdn-cgi/scripts/5c5dd728/cloudflare-static/email-decode.min.js]
[www.msrd-us.com/sites/g/files/qhldwo11951/files/2022-02/ODPI.png]
[www.msrd-us.com/news/mcquade-center-strategic-research-and-development-launches-otsuka-digital-pioneer-initiative.html]
[www.msrd-us.com/sites/g/files/qhldwo11951/files/2022-02/Sentinel Fragile X.png]
[www.msrd-us.com/news/mcquade-center-strategic-research-and-development-enters-agreement-sentinel-oncology-develop.html]
[www.msrd-us.com/sites/g/files/qhldwo11951/files/2022-02/Ache Anxiety PTSD.png]
[www.msrd-us.com/news/mcquade-center-strategic-research-and-development-enters-collaboration-ache-develop-potential.html]
[www.msrd-us.com/sites/g/files/qhldwo11951/files/2020-08/graphic1.png]
[www.msrd-us.com/news/mcquade-center-strategic-research-and-development-and-eikonizo-therapeutics-enter-agreement.html]
[www.msrd-us.com/sites/g/files/qhldwo11951/files/attachments/MSRD-RugenCollaborationPressRelease-Oct-30-2020_0.pdf]
[www.msrd-us.com/news/msrd-enters-collaboration-agreement-rugen-holdings-cayman-limited-develop-novel-treatment.html]
[www.msrd-us.com/sites/g/files/qhldwo11951/files/2020-07/otsuka-white.svg]
[www.msrd-us.com/modules/custom/otsuka_privacy_compliant_media/img/video-play-btn-mobile.svg]
[www.msrd-us.com/modules/custom/otsuka_privacy_compliant_media/img/video-play-btn.svg]
[www.msrd-us.com/modules/custom/otsuka_privacy_compliant_media/img/orbita-chat-bubble.svg]
[www.msrd-us.com/sites/g/files/qhldwo11951/files/styles/user_144x144/public/2022-01/Jeff Photo@3x_0126f.png]
[www.msrd-us.com/sites/g/files/qhldwo11951/files/styles/user_144x144/public/2022-12/Frank_Chavez2753.png]
[www.msrd-us.com/odpi/team.html]
[www.msrd-us.com/sites/g/files/qhldwo11951/files/2023-10/helth-logo.png]
[www.msrd-us.com/sites/g/files/qhldwo11951/files/2023-10/curio-logo.png]
[www.msrd-us.com/sites/g/files/qhldwo11951/files/2023-10/oui-logo.png]
[www.msrd-us.com/sites/g/files/qhldwo11951/files/2023-10/mmamas-logo.png]
[www.msrd-us.com/odpi/investments.html]
[www.google.com/recaptcha/apic9b1.js]
[www.msrd-us.com/modules/contrib/recaptcha/js/recaptchac895.js]
[www.msrd-us.com/odpi/contact.html]
[www.msrd-us.com/modules/contrib/webform/css/webform.element.details.togglec895.css]
[www.msrd-us.com/modules/contrib/webform/css/webform.element.managed_filec895.css]
[www.msrd-us.com/modules/contrib/webform/css/webform.element.messagec895.css]
[www.msrd-us.com/modules/contrib/webform/css/webform.formc895.css]
[www.msrd-us.com/modules/contrib/captcha/css/captchac895.css]
[www.msrd-us.com/modules/contrib/webform/css/webform.ajaxc895.css]
[www.msrd-us.com/webform/css/contact/customc895.html]
[www.msrd-us.com/core/modules/media/css/oembed.framec895.css]
[www.msrd-us.com/cdn-cgi/l/email-protection.html]
