[www.bigkidneybigproblem.com/index.html]
[cdn.cookielaw.org/scripttemplates/otSDKStub.js]
[backblue.gif]
[fade.gif]
[index.html]
[assets.adobedtm.com/3f0d2e2dbd42/313fd7baa8af/launch-bacdce8b01b7.min.js]
[www.bigkidneybigproblem.com/sites/g/files/qhldwo10811/files/css/optimized/css_97htjIvQ15V1EfeTASftshiMIzLS36LIXVDogWwnlWQ.IJ5KA0xBsRRaiRPaWB6Sh9PN3WKo_EsNIYaw8SqYqYc6b68.css]
[www.bigkidneybigproblem.com/sites/g/files/qhldwo10811/files/css/optimized/css_Zru9LBZ0sAXcjonUFHSutTAZkU-sNKpHr1JGBQ4FyU0.bkPvoFYCA2Lixa4KISvTdT3EKjCHiKrtKcE261byVx06b68.css]
[www.bigkidneybigproblem.com/sites/g/files/qhldwo10811/files/css/optimized/css_kzULKG5pzGyNLykluQb5oDJTQPcLlJKzZ5imyM6J1h8.b9DwpaiAlb0lsM657D5Lniy-cPNAkk4Cxr45yy473q46b68.css]
[www.bigkidneybigproblem.com/sites/g/files/qhldwo10811/files/css/optimized/css_uI2FntcPi0s7LE7aVRLFPdaOjEJ2AvgJxZxn7U_KEpU.uS1FFwOJYeXSeF3bIVSvkMkrHh5opqqW_F79rAx63B06b68.css]
[www.bigkidneybigproblem.com/sites/g/files/qhldwo10811/files/css/optimized/css_LyrrR6JZO8eTCViUPzg899V1r3IBqMYsy9zQoA-d_xo.Awf46AhlxtFml2KQ8H4-E0dZzxzlJb1Ua0P5_ptOC4k6b68.css]
[www.bigkidneybigproblem.com/sites/g/files/qhldwo10811/files/css/optimized/css_YuXFCqJ6Mh9c2Lz522vxxQKwCuYdi4B4eglcgrxGnjc.xk_yrolxl9EFVCS6-YD3__eEEiB4lkwtBVMLZeTfMbA6b68.css]
[www.bigkidneybigproblem.com/sites/g/files/qhldwo10811/files/css/optimized/css_Awu9YtmWu_taaaaJKswYqKQEUWlATiU0b-9Ka6etFfU.pYA92qiAPS662AtCQt6lMeZYgkI683UmfkdP-4BIymA6b68.css]
[www.bigkidneybigproblem.com/sites/g/files/qhldwo10811/files/css/optimized/css_yIJuzHvo1e460jlmqttlj52OMZk0ZV7QmKCy-1vP5ZI.qAT_vNKdppWlPfwRvdNPIJfErkIfxMw2j_eesucANOI6b68.css]
[www.bigkidneybigproblem.com/sites/g/files/qhldwo10811/files/css/optimized/css_xnDYBl4OD9snX7Sf9EyJ9VkzRg71lff1OegyGLU8z1w.l_5ZkiCBh5EcPa_3_oVW7iVMoKNAq5rw47oEzn5A4uM6b68.css]
[www.bigkidneybigproblem.com/sites/g/files/qhldwo10811/files/css/optimized/css_gfUtLDXi72df47AexuJ-vm_wJb2QkME0vEvBnJxO6dA.x5nsh_uKblK9k6iDq9xx7vDex30jZc5ML0YXij4JCf06b68.css]
[www.bigkidneybigproblem.com/sites/g/files/qhldwo10811/files/css/optimized/css_CYXnyo1qFoxHAoBBNsSqN8PVNbP8sxeQ_LtauZ50Wgs.g1uXGwNn2HpE6NbJGbnMjYWIh7kyfoVz_UhSlBh2o3s6b68.css]
[www.bigkidneybigproblem.com/sites/g/files/qhldwo10811/files/css/optimized/css_QF7anExUIQ9m7lRlQYpqk7QebuejK_k7Tyzw3UgZ-hg.PZJw_IXbQZH7i6WEC-FHNDBoI3_PTyzLEmC7wWy4oTU6b68.css]
[www.bigkidneybigproblem.com/sites/g/files/qhldwo10811/files/css/optimized/css_7QllbjqoprdCwoIdo3V7DWqJKkTBOzMJn-xZmsutiww.8xdGy7dXc6zJNYRxgF4k0vgBhKloby5N-_V1MMOlg8A6b68.css]
[www.bigkidneybigproblem.com/sites/g/files/qhldwo10811/files/css/optimized/css_hnJTGN1fzih_ZZssV428NML2NhpFxXlJrqaLNgE8CHo.F9pmb7LygmrpoeT1fXJA7PaAVf2oWybBXF5F5Eihki46b68.css]
[www.bigkidneybigproblem.com/sites/g/files/qhldwo10811/files/css/optimized/css__13fw7LchbE-h7zw4b3GPIwiFWcaKaefv7L39uOe9so.KNMtBlCBCom77JyoWGB48Q3ueDS7rzZa_7XYX8jrDaA6b68.css]
[www.bigkidneybigproblem.com/sites/g/files/qhldwo10811/files/css/optimized/css_0jPT-BWLonFoD1a1XPcxcniBn9WgukRnniaE-xYrMIs.eYuzxX6GcmG8wPZRhL7aCvvGdgilCJbuAMMEoRSvz4o6b68.css]
[www.bigkidneybigproblem.com/sites/g/files/qhldwo10811/files/css/optimized/css_wcTRp4Ty5SGu4F6Mj_Src4xCVH1pAn1ZKdFhbgibbUI.Sk-ip5PYfIjxUJ83DbxAtt7sIYi2qRj5I2X4c7e8Vm06b68.css]
[www.bigkidneybigproblem.com/sites/g/files/qhldwo10811/files/css/optimized/css_XYJeCymlgeYq2fA8gUC7CjnYFGGkur-vgRftab7u22k.kpMc62oK0cmz6PxvM1ud_W8MfI7jbwibsQJBwUKnj6o6b68.css]
[www.bigkidneybigproblem.com/sites/g/files/qhldwo10811/files/css/optimized/css_GbvmbJJu3etNuvRxzgpArn9FbrGIPob5sKfVZm03KVw.b0Zuw7zuYwqRxAI1V79cTc_023d639V2bQ6KyuEtbY06b68.css]
[www.bigkidneybigproblem.com/sites/g/files/qhldwo10811/files/css/optimized/css_Q6hS9heFRWwmGWvo9WsD_D6nDHdUaUnYt6sC6_oX9L8.KZBkzzAnxe-rSrbfNF3hMC36Vi24PspRllNxk4SA9Ww6b68.css]
[www.bigkidneybigproblem.com/sites/g/files/qhldwo10811/files/css/optimized/css_41w6dBZ448pJSogyLgoToui9MDm8KnZHhhxIUFUonds.PQ-2T_xzJKQYbbkpGgIM9A4s115DO680EaZM47Z16XI6b68.css]
[www.bigkidneybigproblem.com/sites/g/files/qhldwo10811/files/css/optimized/css_JCU_zSqQm3rvBIXWevl-Uch6AS6Fms27h_AxAbdSM2A.2mNgp1qsab5wdrSlpKLQv707xKZ0u6LnqctpgDVxkVk6b68.css]
[www.bigkidneybigproblem.com/sites/g/files/qhldwo10811/files/css/optimized/css__7a65Qsn2GbI6R4HiSGaSbf2n93vUm8S71hKr7aus8Y.0Qb5zpcCHmzpoF5ZOnDsfklWZn6rg3JsnrG0c7cJ-446b68.css]
[www.bigkidneybigproblem.com/sites/g/files/qhldwo10811/files/css/optimized/css_PRpLCpZQr4zTfafBQvuU6Ai1fdWr3UHToA3uiawHjkM.fLPfLB0XwmNrMgpuaRfK4T-BBNy7nDIXycFgFzdHoEQ6b68.css]
[www.bigkidneybigproblem.com/sites/g/files/qhldwo10811/files/css/optimized/css_Z-5TKx9kThxW5rYM3vQRCBc8GEdIN_NvKS9iqhDQafw.RyxC-gT9frmBMijOhY3C3K32AabFm7-q9HkDsnP6XHU6b68.css]
[www.bigkidneybigproblem.com/sites/g/files/qhldwo10811/files/css/optimized/css_2fOIiKYvhnv1KtlkfBN2k0dROF50_VqtX1AygAXbRUU.a_ZLSp52H6ZconNljM9h1TZl4ovw7N0npH7nKInNWJg6b68.css]
[www.bigkidneybigproblem.com/sites/g/files/qhldwo10811/files/css/optimized/css_ctLMspL8Mje6CBnFRdTy8A1h9VM62WlptUVRAFlW7hQ.DPEMCbvOKktx0ZN7FmD1Qg4sWcuCeEoB6cWWEhB9B6s6b68.css]
[www.bigkidneybigproblem.com/sites/g/files/qhldwo10811/files/css/optimized/css_3QmaP_LDiu3S36EyZEj2za-TqA2bSQCm2AHv-UHH8Yg.hH7cKuhw_G4BiDRPMc9OMcTfof_jG8GOcBK-W90DfUk6b68.css]
[www.bigkidneybigproblem.com/sites/g/files/qhldwo10811/files/css/optimized/css_kJqax_RkZBAk2I3Nq_rTD9LHc0oMwWKlanYK42ORIfM.zTSiciBJCN04ULznc2T1MWG59Py-6ONyTHVVm-YCHX46b68.css]
[www.bigkidneybigproblem.com/sites/g/files/qhldwo10811/files/css/optimized/css_t_V-x-_cGWOx9Ez_4oBYM7kUa-jtUVdm7tifj_XKKUU.8TWxpR-espueLWl5ZKOIVWbmC_bmf3a-I2R4ylDcxPg6b68.css]
[www.bigkidneybigproblem.com/sites/g/files/qhldwo10811/files/css/optimized/css_vOD9-5JiqhFy7oiIOzO00o2XLgmR6XH8SUL8LL585Vc.8e6pTB1_nGdHUV4devYGGEmOgZeQXykLw4UdpB-9VYg6b68.css]
[www.bigkidneybigproblem.com/sites/g/files/qhldwo10811/files/css/optimized/css_QCuemOR_ZzduGtwGbHTTBeHAqwnpgenb5u_ZWkinlDc.KZL6dlcBerb3guYO4lXNGEr3ugZ_KZHYYZ_hrGS7fpw6b68.css]
[www.bigkidneybigproblem.com/sites/g/files/qhldwo10811/files/css/optimized/css_CIpXinO-FmfAfmKdwDvAJ6fjaYyrlaoJNMHWGqxPlqI.qm1_6kAdNagcJaFIJYatZp-ec6ZfDnWhLYmXj_5VDLw6b68.css]
[www.bigkidneybigproblem.com/sites/g/files/qhldwo10811/files/css/optimized/css_nwUJNHizgZ4Vi494VdXJ-jEM8Y0iUiCJ7YVrwOBl5wY.-IoI8M4Wmqw4Q-t2Col-MOeqsjKHkAi0KRnF7Vl8D846b68.css]
[www.bigkidneybigproblem.com/sites/g/files/qhldwo10811/files/css/optimized/css_sGpJCJn_U5-YQ4LakokzkkajW7THtMzApm-F0ZM5m1Q.lyR9qDZKRdZ6XL0zBXwHJIu4k9kkXaVKCCpO-B7MMTk6b68.css]
[www.bigkidneybigproblem.com/sites/g/files/qhldwo10811/files/css/optimized/css_dNXABRh4LGiPRPiw8UwXIwRWzLbZrlE9DwFpXql5O78.LkKc3Uz8hGaQ1IX1rdHSVqUQro6WzLgpyV-B-6koSZk6b68.css]
[www.bigkidneybigproblem.com/sites/g/files/qhldwo10811/files/css/optimized/css_rDrwXGb3si-zWPyBrd2WgWyH3AY32g3GOwrZaVev6rc._0hWILrNy5in4avOLKV3goA95tVoeGzuTBNnJRjl1dk6b68.css]
[www.bigkidneybigproblem.com/sites/g/files/qhldwo10811/files/css/optimized/css_DF3ErOp_JZVS0qMp5PgSohI7mP40Oko5BPy8z7xmdfQ.y8PEAQWnvKYWRZUGkhmHwPvSg-mcD3pI7rBUJA6RA2o6b68.css]
[www.bigkidneybigproblem.com/sites/g/files/qhldwo10811/files/css/optimized/css_zaONKoVbo0l69XbCwln3ceB4og-AEQy3ikxyuTYlc34.lvWdt2p4SgQSEryp5UEmoUAvk17wPPxaDorWmUA6UGA6b68.css]
[www.bigkidneybigproblem.com/sites/g/files/qhldwo10811/files/css/optimized/css_5NT8aNnNAHe_m4fun0rNWy_k-qgD5sa1Za1sDEidGP8.Yw8xi2nzzmjEIjHGr4Sf9FBmFzAI68FW4EZm8OtWYio6b68.css]
[www.bigkidneybigproblem.com/sites/g/files/qhldwo10811/files/css/optimized/css_1-GGgDiN_1am1DYPm4qSFhW78AxxrqsI6nJ7c4QlFdM.KRsepDIPi6xt6XQgv6Q_SJL5t_VQ0s9xG3M_p9KTAsI6b68.css]
[www.bigkidneybigproblem.com/sites/g/files/qhldwo10811/files/css/optimized/css_2vL50ztSaNJWyfAOyQSDrSGvz7gg1in451cbwrFbVRQ.jPcBSVtkMc9sawsaUALowNK1CstBYMZstmCQ72b2Bs46b68.css]
[www.bigkidneybigproblem.com/sites/g/files/qhldwo10811/files/css/optimized/css_dHa2LrsjgTYKsgWQEgLJ3O0WEENYyU-waFPda9QkQMA.qjtZ0ZIHWIaBPVmMPEU1mSXKMtcEmpmXnM1ynDDZONw6b68.css]
[www.bigkidneybigproblem.com/sites/g/files/qhldwo10811/files/css/optimized/css_6Nzbw27uPuahQERSroqRVESK6SQAEeX7fUedJtMCy3M.f7flws2pm4ElfvyoRHqpAFdBSHmC87qyl9ymeuw32bc6b68.css]
[www.bigkidneybigproblem.com/sites/g/files/qhldwo10811/files/css/optimized/css_iRCU1ffK687JzQF7Qb7baFwzNeAn8AfOKZphVh2iaWQ.Nrp8YyCoOq-T7pZnSqpU3Cn6E_JKrglBjgJaF9v6Hh06b68.css]
[www.bigkidneybigproblem.com/sites/g/files/qhldwo10811/files/css/optimized/css_TpI2QGxB-HPXdXRjPTpTUDzUj2c7ffTqskV40ohb86s.C9moDULD5mAYJwM_pZMS5Tzv5tZrAZGmQCN3BVqsYJg6b68.css]
[www.bigkidneybigproblem.com/sites/g/files/qhldwo10811/files/css/optimized/css_tZc4SGHUgJ9M1NIuKNjJRNF08GnnkJIs8EwPPjRLF2g.TaDPZCyfgPsh8w0sS5pHazisadeZZVNnxDArJPiaNR46b68.css]
[www.bigkidneybigproblem.com/sites/g/files/qhldwo10811/files/css/optimized/css_CZ5YsH4ttd-ALxabKQGWKVMM3s5U15pXnXnoyDps6rY.oahr3VjB3yf5d5m2HqMBAll-I1TfbSqzUB2wSyBD9IM6b68.css]
[www.bigkidneybigproblem.com/sites/g/files/qhldwo10811/files/css/optimized/css_b0_hL1QhyEpqE9dxNS2-WeXZFdm8-DQNHfuWyMhjyoc.UYBJScpm5hUgZP5KMHSarMWnHM457VfYiEJWVIm99cQ6b68.css]
[www.bigkidneybigproblem.com/sites/g/files/qhldwo10811/files/css/optimized/css_zKerqT9br1DysTdPL-mfCKuHA7w39Qy8n0Lr-MTVpJE.1wL4oSdSpn62opuHgj-U3mOAnLEz9USOfefKzyDcuxY6b68.css]
[www.bigkidneybigproblem.com/sites/g/files/qhldwo10811/files/css/optimized/css_sv0UAM_DP8nVTC4mPqDzv8FtUkQxuerQKH0MOaulNzM.Hz9oiA06B30bbua0cfYr5ZX9DzpkBN6V2hQJph0mDgM6b68.css]
[www.bigkidneybigproblem.com/sites/g/files/qhldwo10811/files/css/optimized/css_CoQZlIE2QaSbNlNYtAdxkqPeOTB6nUB7x_a8s2p54ms.OSEWUKJaQFPeHUu9pRoZpJjyPqcZAUsVDpqeoafIf4s6b68.css]
[www.bigkidneybigproblem.com/sites/g/files/qhldwo10811/files/css/optimized/css_HQC0kjHX9hqumFNozP74ilDksS-7FwDMz3bdLBR74CE.oyjuew_FfdFndfxkvy9Vufe5yl7aXzuJzzUkaEIltw46b68.css]
[www.bigkidneybigproblem.com/sites/g/files/qhldwo10811/files/css/optimized/css_e_ZR8WxNIxDszwY8VoDbrnMdntSzr-uHksWFOTjdi3Q.HPqxjf7bs4PQ7frGkvzAI0xsHEo7sR0nN2tbhfecjqk6b68.css]
[www.bigkidneybigproblem.com/sites/g/files/qhldwo10811/files/css/optimized/css_4TzuBCMK3luvuCORlek6HeMruXRXjPAVak-8r6ocBeA.d5KwBn8AHY9a28K41RVTL-wLupdJGfXL4AKrhp2q2ik6b68.css]
[www.bigkidneybigproblem.com/sites/g/files/qhldwo10811/files/css/optimized/css_TnDwz8baJxfRmMxFk4sKaMpVPUONcI879kKNCOFtlns.U57TgUN2XCIYwIfgt8RifcnpQlQYl9d638gh8mZmZhk6b68.css]
[www.bigkidneybigproblem.com/sites/g/files/qhldwo10811/files/css/optimized/css__xgwl_Ss9cy3DGmp8Rt2Eg3HJf0zTchMYenRWVbD3pI.XkrotJsb3IStWG3VycG08TcCaUr0RM2d8kKHGR_SWeA6b68.css]
[www.bigkidneybigproblem.com/sites/g/files/qhldwo10811/files/css/optimized/css_zv1jeWwdPDvstyoROK7A5UnpWAH86IJqzdY2INln4Vs.SXK37NzYsGuN3Pw-_a7r5t-I9niO9CWQbiDhZAMeFZ06b68.css]
[www.bigkidneybigproblem.com/sites/g/files/qhldwo10811/files/css/optimized/css_rHDW84btYFlVehgrqna4gG9wUZojI3jAehbJFiX8xjE.JQe52XfyJ2FFoX27_tv3QgzGD9QNkmhqu5t13xMKuwQ6b68.css]
[www.bigkidneybigproblem.com/sites/g/files/qhldwo10811/files/css/optimized/css_BAPzpnzXXQaEs0tvM0c_0KQVKPEEH0S_Fq2K6aPbSN0.WxWebvQdu6Hf-lbiqSJzOoFlagAyS8-CubDkjNavMlo6b68.css]
[www.bigkidneybigproblem.com/sites/g/files/qhldwo10811/files/css/optimized/css_khVczmAsYqENIgVlBASk4dr6YMJGieQUN01CWufRqSQ.6Yg4kA--yWAah2PWZNdu1v9gpy_sVRlWwi1Ih1sFo9A6b68.css]
[www.bigkidneybigproblem.com/sites/g/files/qhldwo10811/files/css/optimized/css_hIwJIlvo137BOnbCoypX3womljNWtKK94YoRaXFCXgw.jcEEebUp0Zs3ff0YSdsG-J3tERQFlRoy_MzlMYdJGrA6b68.css]
[www.bigkidneybigproblem.com/sites/g/files/qhldwo10811/files/css/optimized/css_-sUbc8UkE_YNDq2M0mol71y0bFmr1ZRphKw-TsDOwco.JRzQ45lU5JY_qWCWS1Gfchs61k0xLBVrUjAWYamx3N86b68.css]
[www.bigkidneybigproblem.com/sites/g/files/qhldwo10811/files/css/optimized/css_VkW15_Ie-l95BlqWPw4HO397LlwxbKQm3uuWRbtq1QM.rF_o_7S3L4-ufrYwmfLcJO_4dcjftYmThuVS2wrWUqY6b68.css]
[www.bigkidneybigproblem.com/sites/g/files/qhldwo10811/files/css/optimized/css_bFNKgmSyMljaBIwLJd4jvYyt7ViQkRrl4AYaTIx83rY.aI28mAQDtEvvvtlWdJxocexlU62M4SVUfYKs264aukU6b68.css]
[www.bigkidneybigproblem.com/sites/g/files/qhldwo10811/files/css/optimized/css_hHiXYcqbtUdM9A47x2OY32FQL-jcmzEuRfaoj_VPQAk.uxoA8mbjSsWzaMsHgt2zSKHg-cnGaI7UrANSmWIrA346b68.css]
[www.bigkidneybigproblem.com/sites/g/files/qhldwo10811/files/css/optimized/css__pkvlAjQNjb3v8D0zAP8YSa1UuAF7dDrxe9hr8nNgNU.Rx1Ql4UqO7yhdVSyudH423gcYCgxbT8UrE-FNCejKkk6b68.css]
[www.bigkidneybigproblem.com/sites/g/files/qhldwo10811/files/css/optimized/css_ZjgB876c_XPXZ12WzijHOpo6TI-ZDH1Nw6JjQcyONFo.HULk7yq-_QVQrguYELEEsGxeNwvNzfKQQWxPzOCDuGQ6b68.css]
[www.bigkidneybigproblem.com/sites/g/files/qhldwo10811/files/css/optimized/css_CTdNDw7RyvOS_Kd-Lq9RKeyYjTmbUcDpCubvMqjdc-8.HfN2NHN1DoM1WoxPGjBRsu6MT7cTn-219J4qMY1QOPo6b68.css]
[www.bigkidneybigproblem.com/sites/g/files/qhldwo10811/files/css/optimized/css_dS_bVRnyqlE6pz6nR-UVfTUbtlzvc2to9EtNk9dUiqM.F7iVKRst7Kr3KK6FfNoViuz4wM5KzzggUOIsNvSX7Jc6b68.css]
[www.bigkidneybigproblem.com/sites/g/files/qhldwo10811/files/css/optimized/css_keEhFZXOGugrsdLRvd4eRVjMOqN-r4sxSEwlC3oqE3E.eoiOERyksiyA5_4yPrpHEuV_LisCLTJXLsq8Lsrx70Q6b68.css]
[www.bigkidneybigproblem.com/sites/g/files/qhldwo10811/files/css/optimized/css_qs4TyZPUYhMQrpYGFXCA7xNTTDPTpPjGT4wbIK6ULIo.adndnikEcz5--igITJgkLzzpkPAgLYXzoVnS3tFOvJY6b68.css]
[www.bigkidneybigproblem.com/sites/g/files/qhldwo10811/files/css/optimized/css_sz8DgYruOQ1PzV7wfJZP4ir7xG_0YOmH4GdiubisVL4.2R0hhmoQjR0YzmYRzyjHL0cGzec4mvxu0NuaU4bQdMg6b68.css]
[www.bigkidneybigproblem.com/sites/g/files/qhldwo10811/files/css/optimized/css_i4AcxXfdOBb9SzWfGvkAC5BPa-mgoSzxTRe-IUxCy7k.FDckotay3C7V0dNX9PJkEP_x8gHPy0mQLFxGqrHiYY86b68.css]
[www.bigkidneybigproblem.com/sites/g/files/qhldwo10811/files/css/optimized/css_EUWgYY0z-BlJC1L4aV4pStIWViWc7V71cA1XF-fwxYI.TaGtQu-XS0-uBLjqHgLcuKc6VaV3BGxI4yY8gVgB8a06b68.css]
[www.bigkidneybigproblem.com/sites/g/files/qhldwo10811/files/css/optimized/css_GzxxOX53pDSYpe_y4hahoo3VvSCKRFCKC7nb1LbFtDk.QerwgBUWlEikOF5Ioz6Hy4n_wY-u5Pt23AQuHZRIq1w6b68.css]
[www.bigkidneybigproblem.com/sites/g/files/qhldwo10811/files/css/optimized/css_jdHavTSXB0LHuxGKHNR7Ce5rgfYiCBIzo6Rt9zI3pVw.Td1io0Wh4Tw92n0GsOSdXMEeXqUNZ9mE6grxom1NE-s6b68.css]
[www.bigkidneybigproblem.com/sites/g/files/qhldwo10811/files/css/optimized/css_BuWSa_gemOdCjXhaQVpN8h0bYLuUBFhsHgFgfbwhS0M.uSOFW7-RkF4gg-L0z8cD2u-TjJn_uaxFVfupzMWkucA6b68.css]
[www.bigkidneybigproblem.com/sites/g/files/qhldwo10811/files/css/optimized/css_3pAqVpjNLIPFa0o8Q_Y_BH05cxxJSVxj9h-F6hwSLKs.99ySjmszVmEYE7Qyzh4z1r5H9mQfcTPwUcjgWevh2II6b68.css]
[www.bigkidneybigproblem.com/sites/g/files/qhldwo10811/files/css/optimized/css_4nxWunZfzbG7grP1SX69ytAicXyWc07vW2JUZlNwZbk.l1xJDYmTuuvGAB8MOeZtF0ZmvSVKTpvcu6qk7L1syqQ6b68.css]
[www.bigkidneybigproblem.com/sites/g/files/qhldwo10811/files/css/optimized/css_7v5awmDxI_yKvBpCXKCkgJwYdbmO6605DmEyAGg4pDg.uos7ah76-WrMWia5Qmwvx9JwAriESJZUjz7V_esTAJw6b68.css]
[www.bigkidneybigproblem.com/sites/g/files/qhldwo10811/files/css/optimized/css_b9u4voGj7idyw9Bgp7ZOFT0p5cvrWZtJpammnLuzcuc.YXGEH-k-yeley0hmeus9wkmYCG25QEFx7oxIF7LpzQM6b68.css]
[www.bigkidneybigproblem.com/sites/g/files/qhldwo10811/files/css/optimized/css_nMOpq_wpkkkViQ78Jq-ETCFGk3kpQCRXCH7g4e1d2oc.9x1qDsJemFCuprqRLQULQMSxI0mHQYr-5zcFeYwJ6vQ6b68.css]
[www.bigkidneybigproblem.com/sites/g/files/qhldwo10811/files/css/optimized/css_-QMP-C3cxu6N55df7RJVHaZTQ23LeLPJbGDWUuK68Uk.CrTxEpAP5GUWD5iGXutpKPtK2VG6astOWu42McxBAqY6b68.css]
[www.bigkidneybigproblem.com/sites/g/files/qhldwo10811/files/css/optimized/css_qFGeXvnlQDcOGhOWx8eVgASjb7K63RGi-8C7mc-odw4.wk1zsoOt0Umt9ABZDT2pCjDFkt3UMaKNBkHjOGcFNf06b68.css]
[www.bigkidneybigproblem.com/sites/g/files/qhldwo10811/files/css/optimized/css_K9uFYOvJstHCP3d05WJSc4ob7xnCO1ov6cspl5ercuA.85FKOJZYod1DozFvNmR1IVajE-Z4l0ORmBsGi-tuE2E6b68.css]
[www.bigkidneybigproblem.com/sites/g/files/qhldwo10811/files/js/optimized/js_Hpe5jrMuKXrV4HSTMApXJsNBxraAgcHUrTjxkwWKqy8.9H1W9OQqD9V27idEVOJMCFAQtGS4Scq-gAQciKr0U2Mfe04.js]
[www.bigkidneybigproblem.com/modules/contrib/adobe_launch/js/adobe_launch_dtm_init6b68.js]
[www.bigkidneybigproblem.com/modules/contrib/google_tag/js/gtag6b68.js]
[www.bigkidneybigproblem.com/modules/contrib/google_tag/js/gtm6b68.js]
[www.bigkidneybigproblem.com/sites/g/files/qhldwo10811/themes/site/themes/custom/otsuka_disease_microsite_theme/assets/build/img/favicon/apple-icon-57x57.png]
[www.bigkidneybigproblem.com/sites/g/files/qhldwo10811/themes/site/themes/custom/otsuka_disease_microsite_theme/assets/build/img/favicon/apple-icon-60x60.png]
[www.bigkidneybigproblem.com/sites/g/files/qhldwo10811/themes/site/themes/custom/otsuka_disease_microsite_theme/assets/build/img/favicon/apple-icon-72x72.png]
[www.bigkidneybigproblem.com/sites/g/files/qhldwo10811/themes/site/themes/custom/otsuka_disease_microsite_theme/assets/build/img/favicon/apple-icon-76x76.png]
[www.bigkidneybigproblem.com/sites/g/files/qhldwo10811/themes/site/themes/custom/otsuka_disease_microsite_theme/assets/build/img/favicon/apple-icon-114x114.png]
[www.bigkidneybigproblem.com/sites/g/files/qhldwo10811/themes/site/themes/custom/otsuka_disease_microsite_theme/assets/build/img/favicon/apple-icon-120x120.png]
[www.bigkidneybigproblem.com/sites/g/files/qhldwo10811/themes/site/themes/custom/otsuka_disease_microsite_theme/assets/build/img/favicon/apple-icon-144x144.png]
[www.bigkidneybigproblem.com/sites/g/files/qhldwo10811/themes/site/themes/custom/otsuka_disease_microsite_theme/assets/build/img/favicon/apple-icon-152x152.png]
[www.bigkidneybigproblem.com/sites/g/files/qhldwo10811/themes/site/themes/custom/otsuka_disease_microsite_theme/assets/build/img/favicon/apple-icon-180x180.png]
[www.bigkidneybigproblem.com/sites/g/files/qhldwo10811/themes/site/themes/custom/otsuka_disease_microsite_theme/assets/build/img/favicon/android-icon-192x192.png]
[www.bigkidneybigproblem.com/sites/g/files/qhldwo10811/themes/site/themes/custom/otsuka_disease_microsite_theme/assets/build/img/favicon/favicon-32x32.png]
[www.bigkidneybigproblem.com/sites/g/files/qhldwo10811/themes/site/themes/custom/otsuka_disease_microsite_theme/assets/build/img/favicon/favicon-96x96.png]
[www.bigkidneybigproblem.com/sites/g/files/qhldwo10811/themes/site/themes/custom/otsuka_disease_microsite_theme/assets/build/img/favicon/favicon-16x16.png]
[www.bigkidneybigproblem.com/sites/g/files/qhldwo10811/themes/site/themes/custom/otsuka_disease_microsite_theme/assets/build/img/favicon/manifest.json]
[www.bigkidneybigproblem.com/sites/g/files/qhldwo10811/files/styles/max_1920x750/public/2021-02/big-kidney-big-problem-hero38fe.png]
[www.bigkidneybigproblem.com/sites/g/files/qhldwo10811/files/styles/max_650x650/public/2021-01/mobilekidneyBCK8822.png]
[www.bigkidneybigproblem.com/sites/g/files/qhldwo10811/files/styles/large/public/2020-12/Scroll Down Arrowa1c1.png]
[www.bigkidneybigproblem.com/sites/g/files/qhldwo10811/files/2021-02/nearly-50-percent-adpkd-patients.png]
[www.bigkidneybigproblem.com/sites/g/files/qhldwo10811/files/2021-02/egfr-monitoring-kidney-icons.png]
[www.bigkidneybigproblem.com/sites/g/files/qhldwo10811/files/gs_slider_assets/kidney1.png]
[www.bigkidneybigproblem.com/sites/g/files/qhldwo10811/files/gs_slider_assets/kidney2.png]
[www.bigkidneybigproblem.com/sites/g/files/qhldwo10811/files/gs_slider_assets/kidney3.png]
[www.bigkidneybigproblem.com/sites/g/files/qhldwo10811/files/2021-02/kidney-volume-imaging.png]
[www.bigkidneybigproblem.com/sites/g/files/qhldwo10811/files/2021-02/kidney-volume-imaging-2.png]
[www.bigkidneybigproblem.com/sites/g/files/qhldwo10811/files/2021-02/kidney-length-ultrasound.png]
[www.bigkidneybigproblem.com/sites/g/files/qhldwo10811/files/styles/large/public/2021-01/Hotspot8b52.png]
[www.bigkidneybigproblem.com/sites/g/files/qhldwo10811/files/2021-02/adpkd-imaging-classification-chart.png]
[www.bigkidneybigproblem.com/sites/g/files/qhldwo10811/files/js/optimized/js_dxIVcwvQ00owLGoUGPTfRYXU-T5rnj8Xi0cXfb3Kn58._JqT3SQfawRcv_BIHPThkBvs0OEvtFFmqPF_lYI_Cxod734.js]
[www.bigkidneybigproblem.com/sites/g/files/qhldwo10811/files/js/optimized/js_w0iO3No0CsyHgJmryEbhwpkh5zx6m6dhvawBt4ufwyA.HRN_m4FplP890kDvBJQuv0fEgTHDKwrMZA2zBldV1JYf700.js]
[www.bigkidneybigproblem.com/sites/g/files/qhldwo10811/files/js/optimized/js_V1oRQ-kJlXBZaEklOtPUe_1t8-l0RS94HJ3gsqxKikc.LMtm7OsF5tFcpxpmBexOddu30l-Xz-FUCSBPovfiEt8fe04.js]
[www.bigkidneybigproblem.com/sites/g/files/qhldwo10811/files/js/optimized/js_KRjtvzl6UujB23-j_sF6dqOcbqg2z8ej98A8RU9bGsg.kjk12BMQYgWzHTlTsh40oAfzJ1jsDD0rpt092h-M9ukfe04.js]
[www.bigkidneybigproblem.com/sites/g/files/qhldwo10811/files/js/optimized/js_rJQeYB7caXNCdmgzJ4t5f6f6CrVuk9_CJlqK8yDBzqk.QLD7mKey3phzumqz3uRKIHY2nqqKo_plzIfGrgeQ5Ycfe04.js]
[www.bigkidneybigproblem.com/sites/g/files/qhldwo10811/files/js/optimized/js_pbrt6BW6zk2scxcVck6pKOhrsnS-4n6mdUeoPTfK2aM.F15X2YCXNVRiXJFw9bAWTN9GXU1HaAbvYHvOoFmnbLUfe04.js]
[www.bigkidneybigproblem.com/sites/g/files/qhldwo10811/files/js/optimized/js_CbOM1f2ZQjSvD29Vzs3nHYsIjSyprydKvJ38uk-EKzQ.dAXI56pV2ZPn9QGfyd-mmPdBCd_VlavLN59BjPAgNOgfe04.js]
[www.bigkidneybigproblem.com/sites/g/files/qhldwo10811/files/js/optimized/js_1_Qr-HDXqlP8qV9oE0Levmwx3Sc1ldDn6Q9QvWEYY6E.XXTdDFNiWNbao5RRs1Aq-_G2fwGOGtyrrBgSr48Pr6wfe04.js]
[www.bigkidneybigproblem.com/sites/g/files/qhldwo10811/files/js/optimized/js_yt_B6-UYT74y4dRKoGQ9gfLb0O0RDb4vG2LIGOYlHq8.-UGjQblMTO_e3Grk02Go8eAWHwbL6GT0oAl-h-CgK5Qfe04.js]
[www.bigkidneybigproblem.com/sites/g/files/qhldwo10811/files/js/optimized/js_OYMUXIYk_UxVlsQSqo3_hSK3aC6qbx7cz9wNrtTse48.D7Do9Gn7KAOch1JHc7ma8CZHkvZvUTPAc5nIoo3LX44fe04.js]
[www.bigkidneybigproblem.com/sites/g/files/qhldwo10811/files/js/optimized/js_A7R00KDzeuDMEsk6DOs_s2ZrOjO5c23zgXuffR4Khqc.q6qxxfVF7-gZME3a3JPerO2q6sv01F6mQnVPwcmknYofe04.js]
[www.bigkidneybigproblem.com/sites/g/files/qhldwo10811/files/js/optimized/js_4VhSX4lEyBg9lxgOnT6eUHtdfwq4GgGv6TSm_aWIhzc.msJZjs5u5RGmKA2fbhFxLGexUv1x2UOibCSs8rzkw1Ufe04.js]
[www.bigkidneybigproblem.com/sites/g/files/qhldwo10811/files/js/optimized/js_VycJ3FTVVaVyhSCcLXYEaSJoilQ8WxeImUFAjqgR5Y8.ouOM0Q5oYPfUBV8lTR3cCyJG56DQNwRTOVgi8IFXBrAfe04.js]
[www.bigkidneybigproblem.com/sites/g/files/qhldwo10811/files/js/optimized/js_QZ6R3WHZ2xvc16JcQ7QBGg7ZW5Q69JxQSKxhelKIbIE.rnfvk6uzW1ISnGjxzePWaH83MAcUkTOsSGF6xij2QAsfe04.js]
[www.bigkidneybigproblem.com/sites/g/files/qhldwo10811/files/js/optimized/js_SpWiM_QFpYbnP3qrlmV1Aa2OGQVC1G0okd3jErKS1EI.Cz8_DwPQcpJrjdTZvBKdqWS7V0abyjGDgrVg6Diy3jkfe04.js]
[www.bigkidneybigproblem.com/sites/g/files/qhldwo10811/files/js/optimized/js_shtMqRNOVBaAvLi9-CpiCI1loPsDLJlEM8e0qdxIyaA._ljAZbtHeBUPsD_JTpPHK9XLnZ-Bh8IIR0gfaERLf0kfe04.js]
[www.bigkidneybigproblem.com/sites/g/files/qhldwo10811/files/js/optimized/js_J05cWfCFFxc6Ntk7FqEMfp2MqvFE0LYhqPR-d5pkpX4.eRBP0BbEW9K4axpZn5GrBrvbQysogv9ziF_qly6y9P0fe04.js]
[www.bigkidneybigproblem.com/sites/g/files/qhldwo10811/files/js/optimized/js_XrfmCmDqLTCEPh8gnU8hVIYf5mJPXNeZp91Zu1g8f9Y.i3qujr4t4NUUzwk0bY4rUPAZgLDWLpH4I0Ht5U7c2Gsfe04.js]
[www.bigkidneybigproblem.com/sites/g/files/qhldwo10811/files/js/optimized/js_DB1pt9EyFJ14MM4u0q_UUdhcwWPwrgl0M8Ao_U1cQKw.1HGXCu8xDCZ9D4t4OUEJBVbpMoVuuCDmld0Orcde48Ufe04.js]
[www.bigkidneybigproblem.com/sites/g/files/qhldwo10811/files/js/optimized/js_xTMVqsdfgSLZsrDVnB0yeJ_u8fjPX7MQHI1nVihqNuE.7B-a0BsG-0oGVyrcfb37AxOKeNquBdl8lk3CyiHXfeUfe04.js]
[www.bigkidneybigproblem.com/sites/g/files/qhldwo10811/files/js/optimized/js_gEmjNg-vrsVI816UzVFe6X3vlSx0FTpPgKUR0axgrXs.aT1b17yuuFOZ02MCX5ONYrorBiyoVdHn6EFMtlXyDCAfe04.js]
[www.bigkidneybigproblem.com/sites/g/files/qhldwo10811/files/js/optimized/js_trjIfy6wGxnxz9PVSI8rA84dA6HxX_Lw5W4uUlw0Xs0.-KbTIsNarrWDUf2UHG7fElVJxl72-Pmuf_1NbApB5A0fe04.js]
[www.bigkidneybigproblem.com/sites/g/files/qhldwo10811/files/js/optimized/js_2hr-YHySYMDuptPCwhH1H7CfNShEa93koPpOo_581D4.fU-RbWLSh2I8Ytqntu1-ArKZ9OVXly0tO-X8U0Ety6Ife04.js]
[www.bigkidneybigproblem.com/sites/g/files/qhldwo10811/files/js/optimized/js_WmhavmnC0K35xZ9vLX51qtRqFT74puvZXIMWnNUYpbM.HmKlReEYCiV9GnfhxV81WuXqMJ6i6CJEQgYJrzlXRtw0559.js]
[www.bigkidneybigproblem.com/sites/g/files/qhldwo10811/files/js/optimized/js_pCqeI411sVqMjF7f2fKhUUOV4yKaxxQp7FHSELuxGGc.2g5bmie0CWfVbbOg32zvwXHEUfmS0mqFc0I_Z7vrtvMfe04.js]
[www.bigkidneybigproblem.com/sites/g/files/qhldwo10811/files/js/optimized/js_lNNrNT4DCBa44pHdIKNTJePiRdBbM8pc5jb6GutW4Lg.JCjtlhNYxar6a2W3NtCEWJMy0rEUyW2mD4dWmVSN4mkfe04.js]
[www.bigkidneybigproblem.com/sites/g/files/qhldwo10811/files/js/optimized/js_mjv4qhOv2_1-EQeYpZwvWqHcMokP3Cu36uHh9tRNXFY.CJF84Dv0PjH3KPaqgwzS-NJS45qPbXaVePB7UAw-uH8fe04.js]
[www.bigkidneybigproblem.com/sites/g/files/qhldwo10811/files/js/optimized/js_KKcnkUdYKB53TMNVsf6RrHXCgsIpqtdkf2utxTGblLc.ynu_A6j2Wzd1B6Vw6BTQ8qyocstdbrEa04BlYLcbHiEfe04.js]
[www.bigkidneybigproblem.com/sites/g/files/qhldwo10811/files/js/optimized/js_3V5UYvHeGVCTCI6-0G9MShZMkOTjpmWzauUa17REJYg.Skr0Jc5GUKefc-pdZvCEo932Y2orIBO4a5uHTzer7YMfe04.js]
[www.bigkidneybigproblem.com/sites/g/files/qhldwo10811/files/js/optimized/js_7SLROedAOygMVqhG50yRRbiZ1w7AmAy9Wx63Se_hrEo.RHHoh3qOJXKfC_izkCzBQeHAM9lKs2tMLnwwXJQddecfe04.js]
[www.bigkidneybigproblem.com/sites/g/files/qhldwo10811/files/js/optimized/js_3PPDECkkWmZprRXP5fGfqH5tOkTJcwB21__r7fjPUh4.FM0QEgk5sXswUR2j_HZSngwH1zEUr0v2J8mHf-3nglsfe04.js]
[www.bigkidneybigproblem.com/sites/g/files/qhldwo10811/files/js/optimized/js_GrQl3TMVBdSFgif7bkvIVoCWbf9SY3sm8jianc5MBYI.a7xJmtDE8RvIy3x-q9FvAIJ1W6CbYZd3rd0FQNL3Q-sfe04.js]
[www.bigkidneybigproblem.com/sites/g/files/qhldwo10811/files/js/optimized/js_4bZGp8eSSkr0AcYEB06FWt2zMZLqDhKxz6gEhKnO5X0.-_wJjs2BWnIoDstNCjVUMdohPAm1Cb6KMFLzNQnyetsfe04.js]
[www.bigkidneybigproblem.com/sites/g/files/qhldwo10811/files/js/optimized/js_dOdL6MKe8Xi7Kps6emaAgxWRpDXYc7U7glpIUKIBOiA.XAp-Kcb5FZvnj1DJvOdVsSEE04SX1ckhOvPcQwTj6hofe04.js]
[www.bigkidneybigproblem.com/sites/g/files/qhldwo10811/files/js/optimized/js_YSBqDrGfkyMrsn-wT-lty4BnE7uEji7vl0zKC_-Z0BE.oLTnTHb9AUCZyGIMu_xYoE6Miz_LA_c24mSOzHiEwxUfe04.js]
[www.bigkidneybigproblem.com/sites/g/files/qhldwo10811/files/js/optimized/js_14jXgrIXge971kfkg-uVQ2hrRkCbWqpyAIIJeDq6Iv8.xh542dh7d84czMNglX_RTbjPD2jp4DX8pXGZ1Drh9wofe04.js]
[www.bigkidneybigproblem.com/sites/g/files/qhldwo10811/files/js/optimized/js_vr1FuvoslbyfA18d384oUsCIPGpZuBoCebB92WKrBc0.R40c0ICtilcLs5UHGfKW05wH5So7hnzdD4IquSNvwz0fe04.js]
[www.bigkidneybigproblem.com/sites/g/files/qhldwo10811/files/js/optimized/js_5lyEgtuYzFbknt789sXbvgY6WOEBhn68zCRaGR5wIJc.pydd31qeaVwnZ7zmVFZER7RdslYTSa4L05Z96Bj0rpAfe04.js]
[www.bigkidneybigproblem.com/sites/g/files/qhldwo10811/files/js/optimized/js_1woVuTYaOTc9db19BvtYERQ-r3zrWbaX8Iy9t_Z2qoM.pMTBYmavvxWwegzqwJmMmmYVLsQ3cxiWBi9yq_dxzNMe0a5.js]
[www.bigkidneybigproblem.com/sites/g/files/qhldwo10811/files/js/optimized/js_ezwJb8QjKN82W11Y2widYXtFt5DfOo-fgZxIg_9sAik.s0ftg9DcYKonxRNsyujPK8mZFoHu6DwZvsB0967odSIfe04.js]
[www.bigkidneybigproblem.com/sites/g/files/qhldwo10811/files/js/optimized/js_G8podNJjOsxKvo_RVe4-f79_ME43boCp5OhhwF87kOc.CmHewv09bU-2iMTQUA9fYmgUfGdx8v6eCV0c0HTKVv0fe04.js]
[www.bigkidneybigproblem.com/sites/g/files/qhldwo10811/files/js/optimized/js_G98iPbIN_FEMIzM0TUQy_c5_u2ds1njOaiAYm8U4yx4.xRuCCcf8b4S7ZwK1on2tk1Zb4Jh4tzaX1HzZcLx5xes6b68.js]
[www.bigkidneybigproblem.com/sites/g/files/qhldwo10811/files/js/optimized/js_RpLV1j1SEgkAOBNxIxvzKXRlefOlhPa03lpGt46bJEg.ipSHo_VRPfgKJstENA8BEd0ZaAk6UUuLrs-5LtKGyFwfe04.js]
[www.bigkidneybigproblem.com/sites/g/files/qhldwo10811/files/js/optimized/js_mFzUkjUxStqgHC8aG7xRbdL6fE1PCi6EiNgqsEIWhqc.akPIL5F6ygowEntokyWY4_Tg4pNQtEi97UIJcojA29M6b68.js]
[www.bigkidneybigproblem.com/sites/g/files/qhldwo10811/files/js/optimized/js_jeJ8tmjZLlZ8moJocow08o2k7XmF_n0Vs_QzgYFNiRo.Tqg5UWb5xD40ImihhyALRV6BDe4wMD_225C8JVF65po6b68.js]
[www.bigkidneybigproblem.com/sites/g/files/qhldwo10811/files/js/optimized/js_OH0uxtqC5P-QCKR8hEEF7BP-u9vmHWOXVIIr0HZCN74.slURvHAD7SVWvOpJlq0Zc8YbHJC9WVx6gx0qt3Bhen86b68.js]
[www.bigkidneybigproblem.com/sites/g/files/qhldwo10811/files/js/optimized/js_NAucS827F9P0AhZ-GRjyxAgc6dyiFJeflR2pUTMsReo.47DEQpj8HBSa-_TImW-5JCeuQeRkm5NMpJWZG3hSuFU3295.js]
[cdnjs.cloudflare.com/ajax/libs/popper.js/1.12.9/umd/popper.min.js]
[www.bigkidneybigproblem.com/sites/g/files/qhldwo10811/files/js/optimized/js_4x359gCQjYpiV40erB9uYGPb6eOyCeLTkbYbuGk9zBk.6EHLuVV0Z5de-Sy4SzWZM9TuWcQBTPiArGI2x0Ifp2w6b68.js]
[www.bigkidneybigproblem.com/sites/g/files/qhldwo10811/files/js/optimized/js_ae_ChhymhNAHWTFCWjJf4z0PGiiW8qEHgIGPdI-iSag.eO1f_I2WOSIEfQ8Gl4XHW2djx9rHGCGwkiva34rR_RQ6b68.js]
[www.bigkidneybigproblem.com/sites/g/files/qhldwo10811/files/js/optimized/js_rphYtwGGycXgUK56BMaz9DE9sNGNMsLXYB_vYFO-CYw.OqssBJBQ-jAlMgujKM66EDv8hfEcql9NJnqKnJxoEGM6b68.js]
[www.bigkidneybigproblem.com/sites/g/files/qhldwo10811/files/js/optimized/js_-UnpBUBGZVPGLsT8MCvNwBZQ-G1s1VjBI7tylGWHXRY.902Cd-a1_vZhLGX_SCYYz4k7OwVg3ccMTQTjQ2CmbgM6b68.js]
[www.bigkidneybigproblem.com/sites/g/files/qhldwo10811/files/js/optimized/js_d1Lj_yXc0avK1kCxUpnrgp6SFRr7keez1u2Q1rGltSQ.poXUq-HkcGq0JMeXsoj8kR_Gt7-0VMM1uSOYwf5E1Lc6b68.js]
[www.bigkidneybigproblem.com/sites/g/files/qhldwo10811/files/js/optimized/js_gMWfo9Xo82DAHpg18R5istznw9oVqNdo_gM5oPFhqxg.WcURPbuADs27hLM1TlJwlHpj3xVDymaGxxCVv0AvnSg6b68.js]
[www.bigkidneybigproblem.com/sites/g/files/qhldwo10811/files/js/optimized/js_Ar9-WYDVJ1uvQPibHIvxUy0y32uKRNzjwA4aQd-XaD4.lGw2BA1NSlRfQsGfy7W5DCuZ4nyoPccXL_9k9g22suY6b68.js]
[www.bigkidneybigproblem.com/sites/g/files/qhldwo10811/files/js/optimized/js_YAi897LWLqcWdyYKWO2B_8chZnJcreWdgzK_gQDE_Ik.58L6_yTuT1P59gliYNh8jKvj8l8lF0oEhf_NNy_Rpqk6b68.js]
[www.bigkidneybigproblem.com/sites/g/files/qhldwo10811/files/js/optimized/js_WssWTgnebok6TY6SWjHZr_10SzwHxoMJ8d2JHjvQA6c.9xyNf4nJXHXim6_jF7kAUzKvYfhw1w3oIaUeGJBgZyE6b68.js]
[www.bigkidneybigproblem.com/sites/g/files/qhldwo10811/files/js/optimized/js_v8Q3zLuXF-diAu59WI2hjjNB4Dr7MrPWF5AGWMUF5io.qIj_borcIvKt2Kc8_Xhjeg5sNQRrgTu7Y6gtDuT0U4A6b68.js]
[www.bigkidneybigproblem.com/sites/g/files/qhldwo10811/files/js/optimized/js_2TgGMY-lpuqOsUIEX1y9N9qptT8lBlYM385Qn7_OSSI.L8H3v71sN7Lg_ledewGTlzh3vg-nlIY4mdu09DYkAd06b68.js]
[www.bigkidneybigproblem.com/sites/g/files/qhldwo10811/files/js/optimized/js_Kjdhdg9zI4LJ5xqUdF1Cjim3NcbhvK8XNfUWTXgjIgg.n9rY69dhV790CBIyRWn3gIeMC3-jYAtVuxNAW8Oe4tg6b68.js]
[cdnjs.cloudflare.com/ajax/libs/gsap/3.5.1/gsap.min.js]
[cdnjs.cloudflare.com/ajax/libs/gsap/3.5.1/MotionPathPlugin.min.js]
[cdnjs.cloudflare.com/ajax/libs/gsap/3.5.1/ScrollTrigger.min.js]
[www.bigkidneybigproblem.com/sites/g/files/qhldwo10811/files/js/optimized/js_DooQV94ARbFUPQAYCqzE_zTSm18fd7OTmhb9OKPAxn4.GkZVPy5IcxvZo74bAzZ-n0gg4kxbkhY_0HlTaxUJ5aU6b68.js]
[www.bigkidneybigproblem.com/sites/g/files/qhldwo10811/files/js/optimized/js_i4rmsQCXup87JeDylSi68E0_iw18xu1Rr7jgaezGKSU.m0f8KfRp-ntxibRTCabYPgrzBKrQAfQC-vE3e9N7qvk6b68.js]
[www.bigkidneybigproblem.com/sites/g/files/qhldwo10811/files/js/optimized/js_hUZbT29n5QQaAE8l48FwcoTIZsvEMyAl9PlJtL5pQ_k.qXrmri6Farsq8AYtzVEG0vNAGZm1mLeoe4q6fZd8_SQ6b68.js]
[www.bigkidneybigproblem.com/sites/g/files/qhldwo10811/files/js/optimized/js_lOgLxQenC0pSvfXFnaGPrnkXfWfN89r67xzrWRshpZU.JLlon5daaGBpNq8I6jU42f4wasE9CBMwI7sv7Y41Fi86b68.js]
[www.bigkidneybigproblem.com/index.html]
[www.bigkidneybigproblem.com/sites/g/files/qhldwo10811/files/js/optimized/js_nYFDseqr_uuxiuPgH_5lZrjYmb-Oj4jfjqmW98nJFug.Lj8-6Wqme7ZaRk-TOKtkJf6gDXS83uu2grxmFhmCETAfe04.js]
[www.bigkidneybigproblem.com/t]
[assets.adobedtm.com/3f0d2e2dbd42/313fd7baa8af/launch-bacdce8b01b7.min.js]
[www.bigkidneybigproblem.com/sites/g/files/qhldwo10811/files/css/optimized/css_97htjIvQ15V1EfeTASftshiMIzLS36LIXVDogWwnlWQ.IJ5KA0xBsRRaiRPaWB6Sh9PN3WKo_EsNIYaw8SqYqYc6b68.css]
[www.bigkidneybigproblem.com/sites/g/files/qhldwo10811/files/css/optimized/css_Zru9LBZ0sAXcjonUFHSutTAZkU-sNKpHr1JGBQ4FyU0.bkPvoFYCA2Lixa4KISvTdT3EKjCHiKrtKcE261byVx06b68.css]
[www.bigkidneybigproblem.com/sites/g/files/qhldwo10811/files/css/optimized/css_kzULKG5pzGyNLykluQb5oDJTQPcLlJKzZ5imyM6J1h8.b9DwpaiAlb0lsM657D5Lniy-cPNAkk4Cxr45yy473q46b68.css]
[www.bigkidneybigproblem.com/sites/g/files/qhldwo10811/files/css/optimized/css_uI2FntcPi0s7LE7aVRLFPdaOjEJ2AvgJxZxn7U_KEpU.uS1FFwOJYeXSeF3bIVSvkMkrHh5opqqW_F79rAx63B06b68.css]
[www.bigkidneybigproblem.com/sites/g/files/qhldwo10811/files/css/optimized/css_LyrrR6JZO8eTCViUPzg899V1r3IBqMYsy9zQoA-d_xo.Awf46AhlxtFml2KQ8H4-E0dZzxzlJb1Ua0P5_ptOC4k6b68.css]
[www.bigkidneybigproblem.com/sites/g/files/qhldwo10811/files/css/optimized/css_YuXFCqJ6Mh9c2Lz522vxxQKwCuYdi4B4eglcgrxGnjc.xk_yrolxl9EFVCS6-YD3__eEEiB4lkwtBVMLZeTfMbA6b68.css]
[www.bigkidneybigproblem.com/sites/g/files/qhldwo10811/files/css/optimized/css_Awu9YtmWu_taaaaJKswYqKQEUWlATiU0b-9Ka6etFfU.pYA92qiAPS662AtCQt6lMeZYgkI683UmfkdP-4BIymA6b68.css]
[connect.facebook.net/en_US/fbevents.js]
[www.bigkidneybigproblem.com/core/misc/throbber-active.gif]
[www.bigkidneybigproblem.com/core/misc/loading-small.gif]
[www.bigkidneybigproblem.com/sites/g/files/qhldwo10811/files/css/optimized/css_yIJuzHvo1e460jlmqttlj52OMZk0ZV7QmKCy-1vP5ZI.qAT_vNKdppWlPfwRvdNPIJfErkIfxMw2j_eesucANOI6b68.css]
[www.bigkidneybigproblem.com/sites/g/files/qhldwo10811/files/css/optimized/css_xnDYBl4OD9snX7Sf9EyJ9VkzRg71lff1OegyGLU8z1w.l_5ZkiCBh5EcPa_3_oVW7iVMoKNAq5rw47oEzn5A4uM6b68.css]
[www.bigkidneybigproblem.com/sites/g/files/qhldwo10811/files/css/optimized/css_gfUtLDXi72df47AexuJ-vm_wJb2QkME0vEvBnJxO6dA.x5nsh_uKblK9k6iDq9xx7vDex30jZc5ML0YXij4JCf06b68.css]
[www.bigkidneybigproblem.com/sites/g/files/qhldwo10811/files/css/optimized/css_CYXnyo1qFoxHAoBBNsSqN8PVNbP8sxeQ_LtauZ50Wgs.g1uXGwNn2HpE6NbJGbnMjYWIh7kyfoVz_UhSlBh2o3s6b68.css]
[www.bigkidneybigproblem.com/sites/g/files/qhldwo10811/files/css/optimized/css_QF7anExUIQ9m7lRlQYpqk7QebuejK_k7Tyzw3UgZ-hg.PZJw_IXbQZH7i6WEC-FHNDBoI3_PTyzLEmC7wWy4oTU6b68.css]
[www.bigkidneybigproblem.com/sites/g/files/qhldwo10811/files/css/optimized/css_7QllbjqoprdCwoIdo3V7DWqJKkTBOzMJn-xZmsutiww.8xdGy7dXc6zJNYRxgF4k0vgBhKloby5N-_V1MMOlg8A6b68.css]
[www.bigkidneybigproblem.com/sites/g/files/qhldwo10811/files/css/optimized/css_hnJTGN1fzih_ZZssV428NML2NhpFxXlJrqaLNgE8CHo.F9pmb7LygmrpoeT1fXJA7PaAVf2oWybBXF5F5Eihki46b68.css]
[www.bigkidneybigproblem.com/sites/g/files/qhldwo10811/files/css/optimized/css__13fw7LchbE-h7zw4b3GPIwiFWcaKaefv7L39uOe9so.KNMtBlCBCom77JyoWGB48Q3ueDS7rzZa_7XYX8jrDaA6b68.css]
[www.bigkidneybigproblem.com/sites/g/files/qhldwo10811/files/css/optimized/css_0jPT-BWLonFoD1a1XPcxcniBn9WgukRnniaE-xYrMIs.eYuzxX6GcmG8wPZRhL7aCvvGdgilCJbuAMMEoRSvz4o6b68.css]
[www.bigkidneybigproblem.com/sites/g/files/qhldwo10811/files/css/optimized/css_wcTRp4Ty5SGu4F6Mj_Src4xCVH1pAn1ZKdFhbgibbUI.Sk-ip5PYfIjxUJ83DbxAtt7sIYi2qRj5I2X4c7e8Vm06b68.css]
[www.bigkidneybigproblem.com/sites/g/files/qhldwo10811/files/css/optimized/css_XYJeCymlgeYq2fA8gUC7CjnYFGGkur-vgRftab7u22k.kpMc62oK0cmz6PxvM1ud_W8MfI7jbwibsQJBwUKnj6o6b68.css]
[www.bigkidneybigproblem.com/sites/g/files/qhldwo10811/files/css/optimized/css_GbvmbJJu3etNuvRxzgpArn9FbrGIPob5sKfVZm03KVw.b0Zuw7zuYwqRxAI1V79cTc_023d639V2bQ6KyuEtbY06b68.css]
[www.bigkidneybigproblem.com/sites/g/files/qhldwo10811/files/css/optimized/css_Q6hS9heFRWwmGWvo9WsD_D6nDHdUaUnYt6sC6_oX9L8.KZBkzzAnxe-rSrbfNF3hMC36Vi24PspRllNxk4SA9Ww6b68.css]
[www.bigkidneybigproblem.com/core/misc/icons/e32700/error.svg]
[www.bigkidneybigproblem.com/core/misc/icons/e29700/warning.svg]
[www.bigkidneybigproblem.com/sites/g/files/qhldwo10811/files/css/optimized/css_41w6dBZ448pJSogyLgoToui9MDm8KnZHhhxIUFUonds.PQ-2T_xzJKQYbbkpGgIM9A4s115DO680EaZM47Z16XI6b68.css]
[www.bigkidneybigproblem.com/sites/g/files/qhldwo10811/files/css/optimized/css_JCU_zSqQm3rvBIXWevl-Uch6AS6Fms27h_AxAbdSM2A.2mNgp1qsab5wdrSlpKLQv707xKZ0u6LnqctpgDVxkVk6b68.css]
[www.bigkidneybigproblem.com/sites/g/files/qhldwo10811/files/css/optimized/css__7a65Qsn2GbI6R4HiSGaSbf2n93vUm8S71hKr7aus8Y.0Qb5zpcCHmzpoF5ZOnDsfklWZn6rg3JsnrG0c7cJ-446b68.css]
[www.bigkidneybigproblem.com/core/misc/icons/73b355/check.svg]
[www.bigkidneybigproblem.com/core/misc/icons/787878/twistie-down.svg]
[www.bigkidneybigproblem.com/sites/g/files/qhldwo10811/files/css/optimized/css_PRpLCpZQr4zTfafBQvuU6Ai1fdWr3UHToA3uiawHjkM.fLPfLB0XwmNrMgpuaRfK4T-BBNy7nDIXycFgFzdHoEQ6b68.css]
[www.bigkidneybigproblem.com/sites/g/files/qhldwo10811/files/css/optimized/css_Z-5TKx9kThxW5rYM3vQRCBc8GEdIN_NvKS9iqhDQafw.RyxC-gT9frmBMijOhY3C3K32AabFm7-q9HkDsnP6XHU6b68.css]
[www.bigkidneybigproblem.com/sites/g/files/qhldwo10811/files/css/optimized/css_2fOIiKYvhnv1KtlkfBN2k0dROF50_VqtX1AygAXbRUU.a_ZLSp52H6ZconNljM9h1TZl4ovw7N0npH7nKInNWJg6b68.css]
[www.bigkidneybigproblem.com/sites/g/files/qhldwo10811/files/css/optimized/css_ctLMspL8Mje6CBnFRdTy8A1h9VM62WlptUVRAFlW7hQ.DPEMCbvOKktx0ZN7FmD1Qg4sWcuCeEoB6cWWEhB9B6s6b68.css]
[www.bigkidneybigproblem.com/sites/g/files/qhldwo10811/files/css/optimized/css_3QmaP_LDiu3S36EyZEj2za-TqA2bSQCm2AHv-UHH8Yg.hH7cKuhw_G4BiDRPMc9OMcTfof_jG8GOcBK-W90DfUk6b68.css]
[www.bigkidneybigproblem.com/core/misc/icons/787878/twistie-up.svg]
[www.bigkidneybigproblem.com/core/assets/vendor/jquery.ui/themes/base/images/ui-icons_444444_256x240.png]
[www.bigkidneybigproblem.com/core/assets/vendor/jquery.ui/themes/base/images/ui-icons_555555_256x240.png]
[www.bigkidneybigproblem.com/core/assets/vendor/jquery.ui/themes/base/images/ui-icons_ffffff_256x240.png]
[www.bigkidneybigproblem.com/core/assets/vendor/jquery.ui/themes/base/images/ui-icons_777620_256x240.png]
[www.bigkidneybigproblem.com/core/assets/vendor/jquery.ui/themes/base/images/ui-icons_cc0000_256x240.png]
[www.bigkidneybigproblem.com/core/assets/vendor/jquery.ui/themes/base/images/ui-icons_777777_256x240.png]
[www.bigkidneybigproblem.com/sites/g/files/qhldwo10811/files/css/optimized/css_kJqax_RkZBAk2I3Nq_rTD9LHc0oMwWKlanYK42ORIfM.zTSiciBJCN04ULznc2T1MWG59Py-6ONyTHVVm-YCHX46b68.css]
[www.bigkidneybigproblem.com/sites/g/files/qhldwo10811/files/css/optimized/css_t_V-x-_cGWOx9Ez_4oBYM7kUa-jtUVdm7tifj_XKKUU.8TWxpR-espueLWl5ZKOIVWbmC_bmf3a-I2R4ylDcxPg6b68.css]
[www.bigkidneybigproblem.com/sites/g/files/qhldwo10811/files/css/optimized/css_vOD9-5JiqhFy7oiIOzO00o2XLgmR6XH8SUL8LL585Vc.8e6pTB1_nGdHUV4devYGGEmOgZeQXykLw4UdpB-9VYg6b68.css]
[www.bigkidneybigproblem.com/sites/g/files/qhldwo10811/files/css/optimized/css_QCuemOR_ZzduGtwGbHTTBeHAqwnpgenb5u_ZWkinlDc.KZL6dlcBerb3guYO4lXNGEr3ugZ_KZHYYZ_hrGS7fpw6b68.css]
[www.bigkidneybigproblem.com/sites/g/files/qhldwo10811/files/css/optimized/css_CIpXinO-FmfAfmKdwDvAJ6fjaYyrlaoJNMHWGqxPlqI.qm1_6kAdNagcJaFIJYatZp-ec6ZfDnWhLYmXj_5VDLw6b68.css]
[www.bigkidneybigproblem.com/sites/g/files/qhldwo10811/files/css/optimized/css_nwUJNHizgZ4Vi494VdXJ-jEM8Y0iUiCJ7YVrwOBl5wY.-IoI8M4Wmqw4Q-t2Col-MOeqsjKHkAi0KRnF7Vl8D846b68.css]
[www.bigkidneybigproblem.com/sites/g/files/qhldwo10811/files/css/optimized/css_sGpJCJn_U5-YQ4LakokzkkajW7THtMzApm-F0ZM5m1Q.lyR9qDZKRdZ6XL0zBXwHJIu4k9kkXaVKCCpO-B7MMTk6b68.css]
[www.bigkidneybigproblem.com/sites/g/files/qhldwo10811/themes/site/themes/custom/otsuka_disease_microsite_theme/assets/build/img/page-ruler.png]
[www.bigkidneybigproblem.com/sites/g/files/qhldwo10811/files/css/optimized/css_dNXABRh4LGiPRPiw8UwXIwRWzLbZrlE9DwFpXql5O78.LkKc3Uz8hGaQ1IX1rdHSVqUQro6WzLgpyV-B-6koSZk6b68.css]
[www.bigkidneybigproblem.com/sites/g/files/qhldwo10811/files/css/optimized/css_rDrwXGb3si-zWPyBrd2WgWyH3AY32g3GOwrZaVev6rc._0hWILrNy5in4avOLKV3goA95tVoeGzuTBNnJRjl1dk6b68.css]
[www.bigkidneybigproblem.com/sites/g/files/qhldwo10811/files/css/optimized/css_DF3ErOp_JZVS0qMp5PgSohI7mP40Oko5BPy8z7xmdfQ.y8PEAQWnvKYWRZUGkhmHwPvSg-mcD3pI7rBUJA6RA2o6b68.css]
[www.bigkidneybigproblem.com/sites/g/files/qhldwo10811/files/css/optimized/css_Exev9Hv2CkcSk_eJqTOht2_Is6Z2FKLHbDbnVq9ibS0._rg73krsI35QwqRGcaGGupRoayJNqwh8k2-bAhcK2k06b68.css]
[www.bigkidneybigproblem.com/sites/g/files/qhldwo10811/files/css/optimized/css_zaONKoVbo0l69XbCwln3ceB4og-AEQy3ikxyuTYlc34.lvWdt2p4SgQSEryp5UEmoUAvk17wPPxaDorWmUA6UGA6b68.css]
[www.bigkidneybigproblem.com/sites/g/files/qhldwo10811/files/css/optimized/css_5NT8aNnNAHe_m4fun0rNWy_k-qgD5sa1Za1sDEidGP8.Yw8xi2nzzmjEIjHGr4Sf9FBmFzAI68FW4EZm8OtWYio6b68.css]
[www.bigkidneybigproblem.com/sites/g/files/qhldwo10811/files/css/optimized/css_1-GGgDiN_1am1DYPm4qSFhW78AxxrqsI6nJ7c4QlFdM.KRsepDIPi6xt6XQgv6Q_SJL5t_VQ0s9xG3M_p9KTAsI6b68.css]
[www.bigkidneybigproblem.com/sites/g/files/qhldwo10811/files/css/optimized/css_2vL50ztSaNJWyfAOyQSDrSGvz7gg1in451cbwrFbVRQ.jPcBSVtkMc9sawsaUALowNK1CstBYMZstmCQ72b2Bs46b68.css]
[www.bigkidneybigproblem.com/sites/g/files/qhldwo10811/files/css/optimized/css_dHa2LrsjgTYKsgWQEgLJ3O0WEENYyU-waFPda9QkQMA.qjtZ0ZIHWIaBPVmMPEU1mSXKMtcEmpmXnM1ynDDZONw6b68.css]
[www.bigkidneybigproblem.com/sites/g/files/qhldwo10811/files/css/optimized/css_6Nzbw27uPuahQERSroqRVESK6SQAEeX7fUedJtMCy3M.f7flws2pm4ElfvyoRHqpAFdBSHmC87qyl9ymeuw32bc6b68.css]
[www.bigkidneybigproblem.com/sites/g/files/qhldwo10811/files/css/optimized/css_iRCU1ffK687JzQF7Qb7baFwzNeAn8AfOKZphVh2iaWQ.Nrp8YyCoOq-T7pZnSqpU3Cn6E_JKrglBjgJaF9v6Hh06b68.css]
[www.bigkidneybigproblem.com/themes/contrib/bootstrap/images/help.png]
[www.bigkidneybigproblem.com/sites/g/files/qhldwo10811/files/css/optimized/css_TpI2QGxB-HPXdXRjPTpTUDzUj2c7ffTqskV40ohb86s.C9moDULD5mAYJwM_pZMS5Tzv5tZrAZGmQCN3BVqsYJg6b68.css]
[www.bigkidneybigproblem.com/themes/contrib/bootstrap_barrio/images/help.png]
[www.bigkidneybigproblem.com/sites/g/files/qhldwo10811/files/css/optimized/css_tZc4SGHUgJ9M1NIuKNjJRNF08GnnkJIs8EwPPjRLF2g.TaDPZCyfgPsh8w0sS5pHazisadeZZVNnxDArJPiaNR46b68.css]
[www.bigkidneybigproblem.com/sites/g/files/qhldwo10811/files/css/optimized/css_CZ5YsH4ttd-ALxabKQGWKVMM3s5U15pXnXnoyDps6rY.oahr3VjB3yf5d5m2HqMBAll-I1TfbSqzUB2wSyBD9IM6b68.css]
[www.bigkidneybigproblem.com/sites/g/files/qhldwo10811/files/css/optimized/css_b0_hL1QhyEpqE9dxNS2-WeXZFdm8-DQNHfuWyMhjyoc.UYBJScpm5hUgZP5KMHSarMWnHM457VfYiEJWVIm99cQ6b68.css]
[www.bigkidneybigproblem.com/sites/g/files/qhldwo10811/files/css/optimized/css_zKerqT9br1DysTdPL-mfCKuHA7w39Qy8n0Lr-MTVpJE.1wL4oSdSpn62opuHgj-U3mOAnLEz9USOfefKzyDcuxY6b68.css]
[www.bigkidneybigproblem.com/sites/g/files/qhldwo10811/files/css/optimized/css_sv0UAM_DP8nVTC4mPqDzv8FtUkQxuerQKH0MOaulNzM.Hz9oiA06B30bbua0cfYr5ZX9DzpkBN6V2hQJph0mDgM6b68.css]
[www.bigkidneybigproblem.com/sites/g/files/qhldwo10811/files/css/optimized/css_CoQZlIE2QaSbNlNYtAdxkqPeOTB6nUB7x_a8s2p54ms.OSEWUKJaQFPeHUu9pRoZpJjyPqcZAUsVDpqeoafIf4s6b68.css]
[www.bigkidneybigproblem.com/sites/g/files/qhldwo10811/files/css/optimized/css_HQC0kjHX9hqumFNozP74ilDksS-7FwDMz3bdLBR74CE.oyjuew_FfdFndfxkvy9Vufe5yl7aXzuJzzUkaEIltw46b68.css]
[www.bigkidneybigproblem.com/sites/g/files/qhldwo10811/files/css/optimized/css_e_ZR8WxNIxDszwY8VoDbrnMdntSzr-uHksWFOTjdi3Q.HPqxjf7bs4PQ7frGkvzAI0xsHEo7sR0nN2tbhfecjqk6b68.css]
[www.bigkidneybigproblem.com/sites/g/files/qhldwo10811/files/css/optimized/css_4TzuBCMK3luvuCORlek6HeMruXRXjPAVak-8r6ocBeA.d5KwBn8AHY9a28K41RVTL-wLupdJGfXL4AKrhp2q2ik6b68.css]
[www.bigkidneybigproblem.com/sites/g/files/qhldwo10811/files/css/optimized/css_TnDwz8baJxfRmMxFk4sKaMpVPUONcI879kKNCOFtlns.U57TgUN2XCIYwIfgt8RifcnpQlQYl9d638gh8mZmZhk6b68.css]
[www.bigkidneybigproblem.com/sites/g/files/qhldwo10811/files/css/optimized/css__xgwl_Ss9cy3DGmp8Rt2Eg3HJf0zTchMYenRWVbD3pI.XkrotJsb3IStWG3VycG08TcCaUr0RM2d8kKHGR_SWeA6b68.css]
[www.bigkidneybigproblem.com/sites/g/files/qhldwo10811/files/css/optimized/css_zv1jeWwdPDvstyoROK7A5UnpWAH86IJqzdY2INln4Vs.SXK37NzYsGuN3Pw-_a7r5t-I9niO9CWQbiDhZAMeFZ06b68.css]
[www.bigkidneybigproblem.com/sites/g/files/qhldwo10811/files/css/optimized/css_rHDW84btYFlVehgrqna4gG9wUZojI3jAehbJFiX8xjE.JQe52XfyJ2FFoX27_tv3QgzGD9QNkmhqu5t13xMKuwQ6b68.css]
[www.bigkidneybigproblem.com/sites/g/files/qhldwo10811/files/css/optimized/css_BAPzpnzXXQaEs0tvM0c_0KQVKPEEH0S_Fq2K6aPbSN0.WxWebvQdu6Hf-lbiqSJzOoFlagAyS8-CubDkjNavMlo6b68.css]
[www.bigkidneybigproblem.com/themes/contrib/bootstrap_barrio/images/feed.svg]
[www.bigkidneybigproblem.com/core/misc/icons/ffffff/twistie-down.svg]
[www.bigkidneybigproblem.com/sites/g/files/qhldwo10811/files/css/optimized/css_khVczmAsYqENIgVlBASk4dr6YMJGieQUN01CWufRqSQ.6Yg4kA--yWAah2PWZNdu1v9gpy_sVRlWwi1Ih1sFo9A6b68.css]
[www.bigkidneybigproblem.com/sites/g/files/qhldwo10811/files/css/optimized/css_hIwJIlvo137BOnbCoypX3womljNWtKK94YoRaXFCXgw.jcEEebUp0Zs3ff0YSdsG-J3tERQFlRoy_MzlMYdJGrA6b68.css]
[www.bigkidneybigproblem.com/sites/g/files/qhldwo10811/files/css/optimized/css_-sUbc8UkE_YNDq2M0mol71y0bFmr1ZRphKw-TsDOwco.JRzQ45lU5JY_qWCWS1Gfchs61k0xLBVrUjAWYamx3N86b68.css]
[www.bigkidneybigproblem.com/sites/g/files/qhldwo10811/files/css/optimized/css_VkW15_Ie-l95BlqWPw4HO397LlwxbKQm3uuWRbtq1QM.rF_o_7S3L4-ufrYwmfLcJO_4dcjftYmThuVS2wrWUqY6b68.css]
[www.bigkidneybigproblem.com/sites/g/files/qhldwo10811/files/css/optimized/css_bFNKgmSyMljaBIwLJd4jvYyt7ViQkRrl4AYaTIx83rY.aI28mAQDtEvvvtlWdJxocexlU62M4SVUfYKs264aukU6b68.css]
[www.bigkidneybigproblem.com/sites/g/files/qhldwo10811/files/css/optimized/css_hHiXYcqbtUdM9A47x2OY32FQL-jcmzEuRfaoj_VPQAk.uxoA8mbjSsWzaMsHgt2zSKHg-cnGaI7UrANSmWIrA346b68.css]
[www.bigkidneybigproblem.com/core/misc/icons/ffffff/twistie-up.svg]
[www.bigkidneybigproblem.com/sites/g/files/qhldwo10811/files/css/optimized/css__pkvlAjQNjb3v8D0zAP8YSa1UuAF7dDrxe9hr8nNgNU.Rx1Ql4UqO7yhdVSyudH423gcYCgxbT8UrE-FNCejKkk6b68.css]
[www.bigkidneybigproblem.com/sites/g/files/qhldwo10811/files/css/optimized/css_ZjgB876c_XPXZ12WzijHOpo6TI-ZDH1Nw6JjQcyONFo.HULk7yq-_QVQrguYELEEsGxeNwvNzfKQQWxPzOCDuGQ6b68.css]
[www.bigkidneybigproblem.com/themes/contrib/bootstrap_barrio/images/required.svg]
[www.bigkidneybigproblem.com/sites/g/files/qhldwo10811/themes/site/themes/custom/otsuka_disease_microsite_theme/assets/build/img/menu-close-icon.svg]
[www.bigkidneybigproblem.com/sites/g/files/qhldwo10811/files/css/optimized/css_CTdNDw7RyvOS_Kd-Lq9RKeyYjTmbUcDpCubvMqjdc-8.HfN2NHN1DoM1WoxPGjBRsu6MT7cTn-219J4qMY1QOPo6b68.css]
[www.bigkidneybigproblem.com/sites/g/files/qhldwo10811/files/css/optimized/css_dS_bVRnyqlE6pz6nR-UVfTUbtlzvc2to9EtNk9dUiqM.F7iVKRst7Kr3KK6FfNoViuz4wM5KzzggUOIsNvSX7Jc6b68.css]
[www.bigkidneybigproblem.com/sites/g/files/qhldwo10811/files/css/optimized/css_keEhFZXOGugrsdLRvd4eRVjMOqN-r4sxSEwlC3oqE3E.eoiOERyksiyA5_4yPrpHEuV_LisCLTJXLsq8Lsrx70Q6b68.css]
[www.bigkidneybigproblem.com/sites/g/files/qhldwo10811/files/css/optimized/css_qs4TyZPUYhMQrpYGFXCA7xNTTDPTpPjGT4wbIK6ULIo.adndnikEcz5--igITJgkLzzpkPAgLYXzoVnS3tFOvJY6b68.css]
[www.bigkidneybigproblem.com/sites/g/files/qhldwo10811/themes/site/themes/custom/otsuka_disease_microsite_theme/assets/build/img/hamburger-open-icon.svg]
[www.bigkidneybigproblem.com/sites/g/files/qhldwo10811/themes/site/themes/custom/otsuka_disease_microsite_theme/assets/build/img/text-external-link-icon.png]
[www.bigkidneybigproblem.com/sites/g/files/qhldwo10811/files/css/optimized/css_sz8DgYruOQ1PzV7wfJZP4ir7xG_0YOmH4GdiubisVL4.2R0hhmoQjR0YzmYRzyjHL0cGzec4mvxu0NuaU4bQdMg6b68.css]
[www.bigkidneybigproblem.com/sites/g/files/qhldwo10811/files/css/optimized/css_i4AcxXfdOBb9SzWfGvkAC5BPa-mgoSzxTRe-IUxCy7k.FDckotay3C7V0dNX9PJkEP_x8gHPy0mQLFxGqrHiYY86b68.css]
[www.bigkidneybigproblem.com/sites/g/files/qhldwo10811/files/css/optimized/css_EUWgYY0z-BlJC1L4aV4pStIWViWc7V71cA1XF-fwxYI.TaGtQu-XS0-uBLjqHgLcuKc6VaV3BGxI4yY8gVgB8a06b68.css]
[www.bigkidneybigproblem.com/sites/g/files/qhldwo10811/files/css/optimized/css_GzxxOX53pDSYpe_y4hahoo3VvSCKRFCKC7nb1LbFtDk.QerwgBUWlEikOF5Ioz6Hy4n_wY-u5Pt23AQuHZRIq1w6b68.css]
[www.bigkidneybigproblem.com/sites/g/files/qhldwo10811/themes/site/themes/custom/otsuka_disease_microsite_theme/assets/build/img/popover-left.svg]
[www.bigkidneybigproblem.com/sites/g/files/qhldwo10811/files/css/optimized/css_jdHavTSXB0LHuxGKHNR7Ce5rgfYiCBIzo6Rt9zI3pVw.Td1io0Wh4Tw92n0GsOSdXMEeXqUNZ9mE6grxom1NE-s6b68.css]
[www.bigkidneybigproblem.com/sites/g/files/qhldwo10811/files/css/optimized/css_BuWSa_gemOdCjXhaQVpN8h0bYLuUBFhsHgFgfbwhS0M.uSOFW7-RkF4gg-L0z8cD2u-TjJn_uaxFVfupzMWkucA6b68.css]
[www.bigkidneybigproblem.com/sites/g/files/qhldwo10811/files/css/optimized/css_3pAqVpjNLIPFa0o8Q_Y_BH05cxxJSVxj9h-F6hwSLKs.99ySjmszVmEYE7Qyzh4z1r5H9mQfcTPwUcjgWevh2II6b68.css]
[www.bigkidneybigproblem.com/sites/g/files/qhldwo10811/files/css/optimized/css_4nxWunZfzbG7grP1SX69ytAicXyWc07vW2JUZlNwZbk.l1xJDYmTuuvGAB8MOeZtF0ZmvSVKTpvcu6qk7L1syqQ6b68.css]
[www.bigkidneybigproblem.com/sites/g/files/qhldwo10811/files/css/optimized/css_7v5awmDxI_yKvBpCXKCkgJwYdbmO6605DmEyAGg4pDg.uos7ah76-WrMWia5Qmwvx9JwAriESJZUjz7V_esTAJw6b68.css]
[www.bigkidneybigproblem.com/sites/g/files/qhldwo10811/files/css/optimized/css_b9u4voGj7idyw9Bgp7ZOFT0p5cvrWZtJpammnLuzcuc.YXGEH-k-yeley0hmeus9wkmYCG25QEFx7oxIF7LpzQM6b68.css]
[www.bigkidneybigproblem.com/sites/g/files/qhldwo10811/files/css/optimized/css_nMOpq_wpkkkViQ78Jq-ETCFGk3kpQCRXCH7g4e1d2oc.9x1qDsJemFCuprqRLQULQMSxI0mHQYr-5zcFeYwJ6vQ6b68.css]
[www.bigkidneybigproblem.com/sites/g/files/qhldwo10811/files/css/optimized/css_-QMP-C3cxu6N55df7RJVHaZTQ23LeLPJbGDWUuK68Uk.CrTxEpAP5GUWD5iGXutpKPtK2VG6astOWu42McxBAqY6b68.css]
[www.bigkidneybigproblem.com/sites/g/files/qhldwo10811/themes/site/themes/custom/otsuka_disease_microsite_theme/assets/build/img/popover-right.svg]
[www.bigkidneybigproblem.com/sites/g/files/qhldwo10811/themes/site/themes/custom/otsuka_disease_microsite_theme/assets/build/img/gradient-red-border-mobile.png]
[www.bigkidneybigproblem.com/sites/g/files/qhldwo10811/themes/site/themes/custom/otsuka_disease_microsite_theme/assets/build/img/gradient-red-border-desktop.png]
[www.bigkidneybigproblem.com/sites/g/files/qhldwo10811/files/css/optimized/css_qFGeXvnlQDcOGhOWx8eVgASjb7K63RGi-8C7mc-odw4.wk1zsoOt0Umt9ABZDT2pCjDFkt3UMaKNBkHjOGcFNf06b68.css]
[www.bigkidneybigproblem.com/sites/g/files/qhldwo10811/files/css/optimized/css_K9uFYOvJstHCP3d05WJSc4ob7xnCO1ov6cspl5ercuA.85FKOJZYod1DozFvNmR1IVajE-Z4l0ORmBsGi-tuE2E6b68.css]
[www.bigkidneybigproblem.com/t.html]
[connect.facebook.net/en_US/fbevents.js]
[www.bigkidneybigproblem.com/core/misc/icons/e32700/error.svg]
[www.bigkidneybigproblem.com/core/misc/icons/e29700/warning.svg]
[www.bigkidneybigproblem.com/core/misc/icons/73b355/check.svg]
[www.bigkidneybigproblem.com/core/misc/icons/787878/twistie-down.svg]
[www.bigkidneybigproblem.com/core/misc/icons/787878/twistie-up.svg]
[www.bigkidneybigproblem.com/themes/contrib/bootstrap/images/help.html]
[www.bigkidneybigproblem.com/themes/contrib/bootstrap_barrio/images/feed.svg]
[www.bigkidneybigproblem.com/core/misc/icons/ffffff/twistie-down.svg]
[www.bigkidneybigproblem.com/core/misc/icons/ffffff/twistie-up.svg]
[www.bigkidneybigproblem.com/themes/contrib/bootstrap_barrio/images/required.svg]
[www.bigkidneybigproblem.com/sites/g/files/qhldwo10811/themes/site/themes/custom/otsuka_disease_microsite_theme/assets/build/img/menu-close-icon.svg]
[www.bigkidneybigproblem.com/sites/g/files/qhldwo10811/themes/site/themes/custom/otsuka_disease_microsite_theme/assets/build/img/hamburger-open-icon.svg]
[www.bigkidneybigproblem.com/sites/g/files/qhldwo10811/themes/site/themes/custom/otsuka_disease_microsite_theme/assets/build/img/popover-left.svg]
[www.bigkidneybigproblem.com/sites/g/files/qhldwo10811/themes/site/themes/custom/otsuka_disease_microsite_theme/assets/build/img/popover-right.svg]
[assets.adobedtm.com/signals/iwl.html]
[assets.adobedtm.com/signals/iwl0fc5.html]
